=== ei-3b-sep-backfill ===
started:  2026-09-05T05:45:29-07:00
head:     95583b737 (newest source commit 7f60a09bd)
scli:     /home/alexbryan/dev/ei3b-wt/target/debug/sovereign-cli (2026-09-05T05:26:53-07:00)
daemon:   http://localhost:9741 (pid 84765)
claim:    FAILED (banked: claim surface broken 2026-09-04; seat's window is the interlock)
box:      clean — 71 GB available (floor 60), builds=0
atlases:  1770 sep-*  |  atoms_ann 29  |  atoms.lance 692

=== leg 1: /home/alexbryan/dev/ei3b-wt/sovereign/bench/sep_atlas/backfill_index.sh --limit 5 ===
worklist: 5 corpus(es) (7 already in the ledger)
price:    495 atoms to embed at 13.3/s ≈ 1 min (0.0 h), plus 0 v2 store build(s) at ~0.08s each
basis:    POPULATION — seed population argument,claim,configuration,entity,state from indexes/sep-18thGerman-preKant/atlas/atoms_ann.population; declared but with no atoms anywhere in this worklist: position,summary (tier2_count would have said 201)
ledger:   /home/alexbryan/dev/ei3b-wt/sovereign/bench/sep_atlas/backfill-index.jsonl
run log:  /home/alexbryan/dev/ei3b-wt/sovereign/bench/sep_atlas/logs/backfill-index-20260905-054529.run.log
  ✓ sep-abraham-daud — 55/55
  ✓ sep-abstract-objects — 154/154
  ✓ sep-abu-bakr-al-razi — 66/66
  ✓ sep-action-perception — 122/122
  ✓ sep-action — 91/91
progress: 5/5  (38s for 5)

state           corpora   atoms embedded
----------------------------------------
built                 5              488
no-seedable           0                0
failed                0                0

v2 store: had 5, built 0, failed 0
wall: 39s over 5 corpus(es)
  leg 1 exit 0
=== leg 2: /home/alexbryan/dev/ei3b-wt/sovereign/bench/sep_atlas/backfill_index.sh  ===
worklist: 1758 corpus(es) (12 already in the ledger)
price:    189190 atoms to embed at 13.3/s ≈ 237 min (4.0 h), plus 1078 v2 store build(s) at ~0.08s each
basis:    POPULATION — seed population argument,claim,configuration,entity,state from indexes/sep-18thGerman-preKant/atlas/atoms_ann.population; declared but with no atoms anywhere in this worklist: position,summary (tier2_count would have said 88304)
ledger:   /home/alexbryan/dev/ei3b-wt/sovereign/bench/sep_atlas/backfill-index.jsonl
run log:  /home/alexbryan/dev/ei3b-wt/sovereign/bench/sep_atlas/logs/backfill-index-20260905-054614.run.log
  ✓ sep-actualism-possibilism-ethics — 128/128
  ✓ sep-adaptationism — 62/62
  ✓ sep-addams-jane — 57/57
  ✓ sep-adorno — 82/82
  ✓ sep-advance-directives — 61/61
  ✓ sep-aesthetic-concept — 109/109
  ✓ sep-aesthetic-judgment — 78/78
  ✓ sep-aesthetics-18th-british — 54/54
  ✓ sep-aesthetics-18th-french — 101/101
  ✓ sep-aesthetics-18th-german — 184/184
  ✓ sep-aesthetics-19th-romantic — 143/143
  ✓ sep-aesthetics-cogsci — 89/89
  ✓ sep-aesthetics-existentialist — 87/87
  ✓ sep-aesthetics-of-everyday — 104/104
  ✓ sep-affirmative-action — 102/102
  ✓ sep-african-ethics — 86/86
  ✓ sep-african-sage — 33/33
  ✓ sep-africana-contemporary — 149/149
  ✓ sep-africana — 121/121
  ✓ sep-afterlife — 79/79
  ✓ sep-agency — 96/96
  ✓ sep-agrippa-nettesheim — 66/66
  ✓ sep-akan-person — 45/45
  ✓ sep-al-baghdadi — 66/66
  ✓ sep-al-farabi-logic — 121/121
  ✓ sep-al-farabi-metaphysics — 112/112
  ✓ sep-al-farabi-psych — 69/69
  ✓ sep-al-farabi-soc-rel — 66/66
  ✓ sep-al-farabi — 66/66
  ✓ sep-al-ghazali — 64/64
  ✓ sep-al-kindi — 67/67
  ✓ sep-alain-locke — 87/87
  ✓ sep-albalag — 72/72
  ✓ sep-albert-great — 76/76
  ✓ sep-albert-saxony — 43/43
  ✓ sep-albo-joseph — 37/37
  ✓ sep-alcmaeon — 13/13
  ✓ sep-alexander-aphrodisias — 30/30
  ✓ sep-alexander-crummell — 86/86
  ✓ sep-alexander — 112/112
progress: 40/1758  (261s for 40)
  ✓ sep-algebra-logic-tradition — 113/113
  ✓ sep-algebra — 156/156
  ✓ sep-alienation — 41/41
  ✓ sep-alternative-possibilities — 70/70
  ✓ sep-althusser — 80/80
  ✓ sep-altruism-biological — 69/69
  ✓ sep-altruism-empirical — 42/42
  ✓ sep-altruism — 81/81
  ✓ sep-alyngton — 64/64
  ✓ sep-ambiguity — 50/50
  ✓ sep-ammonius — 58/58
  ✓ sep-analogy-medieval — 63/63
  ✓ sep-analysis — 57/57
  ✓ sep-analytic-synthetic — 98/98
  ✓ sep-anaphora — 58/58
  ✓ sep-anarchism — 41/41
  ✓ sep-anaxagoras — 35/35
  ✓ sep-ancient-political — 84/84
  ✓ sep-ancient-soul — 70/70
  ✓ sep-anderson-john — 59/59
  ✓ sep-animalism — 23/23
  ✓ sep-anna-julia-cooper — 37/37
  ✓ sep-anomalous-monism — 40/40
  ✓ sep-anscombe — 66/66
  ✓ sep-anselm — 43/43
  ✓ sep-antiochus-ascalon — 32/32
  ✓ sep-antonio-rosmini — 68/68
  ✓ sep-apriori — 54/54
  ✓ sep-aquinas-moral-political — 18/18
  ✓ sep-aquinas — 71/71
  ✓ sep-arabic-islamic-causation — 50/50
  ✓ sep-arabic-islamic-greek — 68/68
  ✓ sep-arabic-islamic-influence — 68/68
  ✓ sep-arabic-islamic-judaic — 80/80
  ✓ sep-arabic-islamic-language — 56/56
  ✓ sep-arabic-islamic-metaphysics — 87/87
  ✓ sep-arabic-islamic-mind — 36/36
  ✓ sep-arabic-islamic-mysticism — 66/66
  ✓ sep-arabic-islamic-natural — 64/64
  ✓ sep-arabic-islamic-phil-math — 105/105
progress: 80/1758  (202s for 40)
  ✓ sep-arcesilaus — 71/71
  ✓ sep-architecture — 229/229
  ✓ sep-archytas — 57/57
  ✓ sep-arendt — 113/113
  ✓ sep-argument — 231/231
  ✓ sep-aristotelianism-renaissance — 26/26
  ✓ sep-aristotle-aesthetics — 161/161
  ✓ sep-aristotle-biology — 109/109
  ✓ sep-aristotle-categories — 90/90
  ✓ sep-aristotle-causality — 33/33
  ✓ sep-aristotle-commentators — 66/66
  ✓ sep-aristotle-ethics — 137/137
  ✓ sep-aristotle-logic — 165/165
  ✓ sep-aristotle-mathematics — 121/121
  ✓ sep-aristotle-metaphysics — 155/155
  ✓ sep-aristotle-natphil — 49/49
  ✓ sep-aristotle-noncontradiction — 55/55
  ✓ sep-aristotle-politics — 64/64
  ✓ sep-aristotle-psychology — 51/51
  ✓ sep-aristotle-rhetoric — 102/102
  ✓ sep-aristotle — 240/240
  ✓ sep-arnauld — 198/198
  ✓ sep-arrows-theorem — 197/197
  ✓ sep-art-definition — 77/77
  ✓ sep-art-ontology-history — 240/240
  ✓ sep-artifact — 170/170
  ✓ sep-artificial-intelligence — 184/184
  ✓ sep-assertion — 258/258
  ✓ sep-associationist-thought — 113/113
  ✓ sep-astell — 91/91
  ✓ sep-atheism-agnosticism — 131/131
  ✓ sep-atomism-ancient — 159/159
  ✓ sep-atomism-modern — 174/174
  ✓ sep-attention — 190/190
  ✓ sep-august-rehberg — 68/68
  ✓ sep-augustine — 46/46
  ✓ sep-auriol — 47/47
  ✓ sep-austin-jl — 162/162
  ✓ sep-austin-john — 54/54
  ✓ sep-authenticity — 128/128
progress: 120/1758  (401s for 40)
  ✓ sep-authority — 142/142
  ✓ sep-autonomy-moral — 134/134
  ✓ sep-autrecourt — 41/41
  ✓ sep-axiom-choice — 121/121
  ✓ sep-ayer — 83/83
  ✓ sep-ayn-rand — 151/151
  ✓ sep-basing-epistemic — 73/73
  ✓ sep-baudrillard — 156/156
  ✓ sep-bauer — 47/47
  ✓ sep-bayes-theorem — 88/88
  ✓ sep-bayle — 66/66
  ✓ sep-beardsley-aesthetics — 233/233
  ✓ sep-beauty — 173/173
  ✓ sep-beauvoir — 104/104
  ✓ sep-behaviorism — 98/98
  ✓ sep-belief-merging — 128/128
  ✓ sep-belief — 143/143
  ✓ sep-bell-theorem — 179/179
  ✓ sep-benjamin — 89/89
  ✓ sep-bentham — 37/37
  ✓ sep-bergson — 67/67
  ✓ sep-berkeley — 35/35
  ✓ sep-berlin — 208/208
  ✓ sep-bessarion — 43/43
  ✓ sep-binarium — 37/37
  ✓ sep-biodiversity — 59/59
  ✓ sep-biology-developmental — 61/61
  ✓ sep-biology-experiment — 75/75
  ✓ sep-biology-individual — 76/76
  ✓ sep-biology-philosophy — 48/48
  ✓ sep-biomedicine — 95/95
  ✓ sep-black-reparations — 83/83
  ✓ sep-blame — 58/58
  ✓ sep-bodily-awareness — 27/27
  ✓ sep-bodin — 63/63
  ✓ sep-boethius-dacia — 39/39
  ✓ sep-boethius — 60/60
  ✓ sep-bohr-correspondence — 49/49
  ✓ sep-bolzano-logic — 152/152
  ✓ sep-bolzano — 210/210
progress: 160/1758  (307s for 40)
  ✓ sep-bonaventure — 140/140
  ✓ sep-boolalg-math — 19/19
  ✓ sep-boole — 206/206
  ✓ sep-bosanquet — 231/231
  ✓ sep-boundary — 79/79
  ✓ sep-bounded-rationality — 198/198
  ✓ sep-boyle — 175/175
  ✓ sep-bradley-moral-political — 64/64
  ✓ sep-bradley-regress — 115/115
  ✓ sep-bradley — 89/89
  ✓ sep-brentano-judgement — 135/135
  ✓ sep-brentano — 143/143
  ✓ sep-broad — 123/123
  ✓ sep-brouwer — 101/101
  ✓ sep-bruno — 137/137
  ✓ sep-buber — 58/58
  ✓ sep-buddha — 59/59
  ✓ sep-buddhism-chan — 160/160
  ✓ sep-buddhism-huayan — 143/143
  ✓ sep-buddhism-tiantai — 139/139
  ✓ sep-buridan — 66/66
  ✓ sep-burke — 103/103
  ✓ sep-burley — 125/125
  ✓ sep-butler-moral — 66/66
  ✓ sep-byzantine-philosophy — 162/162
  ✓ sep-callicles-thrasymachus — 59/59
  ✓ sep-cambridge-platonists — 49/49
  ✓ sep-campanella — 71/71
  ✓ sep-camus — 121/121
  ✓ sep-cancer — 98/98
  ✓ sep-capability-approach — 135/135
  ✓ sep-cardano — 69/69
  ✓ sep-carnap — 234/234
  ✓ sep-carneades — 54/54
  ✓ sep-cassirer — 61/61
  ✓ sep-categories — 128/128
  ✓ sep-category-mistakes — 165/165
  ✓ sep-category-theory — 103/103
  ✓ sep-catharine-macaulay — 29/29
  ✓ sep-causal-models — 32/32
progress: 200/1758  (354s for 40)
  ✓ sep-causation-backwards — 172/172
  ✓ sep-causation-counterfactual — 141/141
  ✓ sep-causation-law — 95/95
  ✓ sep-causation-mani — 120/120
  ✓ sep-causation-medieval — 53/53
  ✓ sep-causation-metaphysics — 119/119
  ✓ sep-causation-physics — 156/156
  ✓ sep-causation-probabilistic — 171/171
  ✓ sep-causation-regularity — 180/180
  ✓ sep-cell-biology — 174/174
  ✓ sep-cellular-automata — 193/193
  ✓ sep-certainty — 80/80
  ✓ sep-ceteris-paribus — 236/236
  ✓ sep-chance-randomness — 167/167
  ✓ sep-change — 108/108
  ✓ sep-chaos — 124/124
  ✓ sep-chemistry — 241/241
  ✓ sep-childhood — 60/60
  ✓ sep-children — 64/64
  ✓ sep-chimeras — 139/139
  ✓ sep-chinese-change — 70/70
  ✓ sep-chinese-epistemology — 172/172
  ✓ sep-chinese-legalism — 103/103
  ✓ sep-chinese-logic-language — 167/167
  ✓ sep-chinese-metaphysics — 140/140
  ✓ sep-chinese-phil-medicine — 91/91
  ✓ sep-chinese-phil-science — 87/87
  ✓ sep-chinese-room — 210/210
  ✓ sep-chinese-social-political — 153/153
  ✓ sep-chinese-translate-interpret — 207/207
  ✓ sep-chisholm — 165/165
  ✓ sep-christiantheology-philosophy — 186/186
  ✓ sep-church-turing — 186/186
  ✓ sep-church — 53/53
  ✓ sep-cicero — 119/119
  ✓ sep-citizenship — 143/143
  ✓ sep-civic-education — 230/230
  ✓ sep-civil-disobedience — 134/134
  ✓ sep-civil-rights — 132/132
  ✓ sep-clarke — 119/119
progress: 240/1758  (452s for 40)
  ✓ sep-climate-science — 162/162
  ✓ sep-clinical-research — 195/195
  ✓ sep-cloning — 77/77
  ✓ sep-closure-epistemic — 139/139
  ✓ sep-cockburn — 20/20
  ✓ sep-coercion — 197/197
  ✓ sep-cognition-animal — 149/149
  ✓ sep-cognitive-disability — 134/134
  ✓ sep-cognitive-science — 46/46
  ✓ sep-cohen — 145/145
  ✓ sep-collective-intentionality — 131/131
  ✓ sep-collective-responsibility — 275/275
  ✓ sep-collingwood-aesthetics — 55/55
  ✓ sep-collingwood — 117/117
  ✓ sep-collins — 267/267
  ✓ sep-colonialism — 77/77
  ✓ sep-color — 221/221
  ✓ sep-common-good — 141/141
  ✓ sep-common-knowledge — 280/280
  ✓ sep-communitarianism — 139/139
  ✓ sep-comparphil-chiwes — 109/109
  ✓ sep-compatibilism — 101/101
  ✓ sep-compositionality — 131/131
  ✓ sep-computability — 149/149
  ✓ sep-computation-physicalsystems — 210/210
  ✓ sep-computational-complexity — 112/112
  ✓ sep-computational-linguistics — 207/207
  ✓ sep-computational-mind — 240/240
  ✓ sep-computational-philosophy — 228/228
  ✓ sep-computer-science — 187/187
  ✓ sep-computing-history — 91/91
  ✓ sep-computing-responsibility — 77/77
  ✓ sep-comte — 111/111
  ✓ sep-concept-emotion-india — 62/62
  ✓ sep-concept-evil — 93/93
  ✓ sep-concept-religion — 63/63
  ✓ sep-concepts — 43/43
  ✓ sep-conceptual-art — 77/77
  ✓ sep-condemnation — 44/44
  ✓ sep-condillac — 29/29
progress: 280/1758  (426s for 40)
  ✓ sep-conditionals — 185/185
  ✓ sep-confirmation — 189/189
  ✓ sep-confucius — 108/108
  ✓ sep-connectionism — 125/125
  ✓ sep-connectives-logic — 123/123
  ✓ sep-conscience-medieval — 122/122
  ✓ sep-conscience — 157/157
  ✓ sep-consciousness-17th — 185/185
  ✓ sep-consciousness-animal — 266/266
  ✓ sep-consciousness-higher — 161/161
  ✓ sep-consciousness-intentionality — 209/209
  ✓ sep-consciousness-neuroscience — 200/200
  ✓ sep-consciousness-representational — 243/243
  ✓ sep-consciousness-temporal — 329/329
  ✓ sep-consciousness-unity — 231/231
  ✓ sep-consciousness — 516/516
  ✓ sep-consequence-medieval — 146/146
  ✓ sep-consequentialism-rule — 185/185
  ✓ sep-consequentialism — 205/205
  ✓ sep-consequentializing — 138/138
  ✓ sep-conservation-biology — 232/232
  ✓ sep-conservatism — 341/341
  ✓ sep-constitutionalism — 46/46
  ✓ sep-constructive-empiricism — 157/157
  ✓ sep-constructivism-metaethics — 169/169
  ✓ sep-content-causal — 112/112
  ✓ sep-content-externalism — 161/161
  ✓ sep-content-narrow — 194/194
  ✓ sep-content-nonconceptual — 171/171
  ✓ sep-content-teleological — 176/176
  ✓ sep-contextualism-epistemology — 160/160
  ✓ sep-continental-rationalism — 104/104
  ✓ sep-continuity — 329/329
  ✓ sep-continuum-hypothesis — 174/174
  ✓ sep-contract-law — 123/123
  ✓ sep-contractarianism-contemporary — 139/139
  ✓ sep-contractarianism — 57/57
  ✓ sep-contractualism — 198/198
  ✓ sep-contradiction — 160/160
  ✓ sep-convention — 258/258
progress: 320/1758  (598s for 40)
  ✓ sep-conway — 32/32
  ✓ sep-copernicus — 56/56
  ✓ sep-cordemoy — 34/34
  ✓ sep-corruption — 140/140
  ✓ sep-cosmological-argument — 107/107
  ✓ sep-cosmology-30s — 101/101
  ✓ sep-cosmology-theology — 189/189
  ✓ sep-cosmology — 136/136
  ✓ sep-cosmopolitanism — 95/95
  ✓ sep-counterfactuals — 267/267
  ✓ sep-crathorn — 33/33
  ✓ sep-creation-conservation — 65/65
  ✓ sep-creationism — 169/169
  ✓ sep-crescas — 58/58
  ✓ sep-criminal-law — 159/159
  ✓ sep-critical-phil-race — 203/203
  ✓ sep-critical-theory — 129/129
  ✓ sep-critical-thinking — 114/114
  ✓ sep-croce-aesthetics — 60/60
  ✓ sep-culture-cogsci — 107/107
  ✓ sep-culture — 123/123
  ✓ sep-curry-paradox — 153/153
  ✓ sep-cusanus — 132/132
  ✓ sep-dance — 67/67
  ✓ sep-dante — 140/140
  ✓ sep-daoism-religion — 261/261
  ✓ sep-daoism — 195/195
  ✓ sep-darwinism — 133/133
  ✓ sep-david-lewis — 307/307
  ✓ sep-david — 19/19
  ✓ sep-davidson — 85/85
  ✓ sep-death-definition — 142/142
  ✓ sep-death — 240/240
  ✓ sep-decision-capacity — 130/130
  ✓ sep-decision-causal — 157/157
  ✓ sep-decision-theory-descriptive — 129/129
  ✓ sep-decision-theory — 209/209
  ✓ sep-dedekind-foundations — 134/134
  ✓ sep-defaults-semantics-pragmatics — 154/154
  ✓ sep-definitions — 147/147
progress: 360/1758  (426s for 40)
  ✓ sep-deleuze — 193/193
  ✓ sep-della-porta — 80/80
  ✓ sep-delmedigo — 36/36
  ✓ sep-delusion — 173/173
  ✓ sep-democracy — 199/199
  ✓ sep-democritus — 46/46
  ✓ sep-demonstration-medieval — 60/60
  ✓ sep-dependence-ontological — 111/111
  ✓ sep-depiction — 166/166
  ✓ sep-derrida — 58/58
  ✓ sep-descartes-epistemology — 277/277
  ✓ sep-descartes-ethics — 66/66
  ✓ sep-descartes-ideas — 65/65
  ✓ sep-descartes-mathematics — 125/125
  ✓ sep-descartes-method — 137/137
  ✓ sep-descartes-modal — 68/68
  ✓ sep-descartes-ontological — 74/74
  ✓ sep-descartes-physics — 56/56
  ✓ sep-descartes-works — 52/52
  ✓ sep-descartes — 213/213
  ✓ sep-descriptions — 246/246
  ✓ sep-desert — 151/151
  ✓ sep-desgabets — 47/47
  ✓ sep-desire — 107/107
  ✓ sep-determinate-determinables — 282/282
  ✓ sep-determinism-causal — 98/98
  ✓ sep-dewey-aesthetics — 235/235
  ✓ sep-dewey-moral — 102/102
  ✓ sep-dewey-political — 34/34
  ✓ sep-dewey — 253/253
  ✓ sep-dharmakiirti — 151/151
  ✓ sep-diagrams — 166/166
  ✓ sep-dialectical-school — 33/33
  ✓ sep-dialetheism — 224/224
  ✓ sep-diderot — 226/226
  ✓ sep-dietrich-freiberg — 78/78
  ✓ sep-digital-art — 70/70
  ✓ sep-dilthey — 168/168
  ✓ sep-diodorus-cronus — 28/28
  ✓ sep-dirty-hands — 58/58
progress: 400/1758  (402s for 40)
  ✓ sep-disability-care-rationing — 80/80
  ✓ sep-disability-critical — 242/242
  ✓ sep-disability-health — 225/225
  ✓ sep-disability-justice — 195/195
  ✓ sep-disability — 131/131
  ✓ sep-disagreement-moral — 137/137
  ✓ sep-disagreement — 137/137
  ✓ sep-discourse-representation-theory — 123/123
  ✓ sep-discrimination — 165/165
  ✓ sep-disjunction — 156/156
  ✓ sep-dispositions — 158/158
  ✓ sep-divine-freedom — 67/67
  ✓ sep-divine-hiddenness — 124/124
  ✓ sep-divine-revelation — 182/182
  ✓ sep-divine-simplicity — 136/136
  ✓ sep-doing-allowing — 147/147
  ✓ sep-domination — 98/98
  ✓ sep-double-consciousness — 197/197
  ✓ sep-double-effect — 73/73
  ✓ sep-doxography-ancient — 58/58
  ✓ sep-dreams-dreaming — 262/262
  ✓ sep-du-bos — 60/60
  ✓ sep-dualism — 175/175
  ✓ sep-dubois — 178/178
  ✓ sep-duhem — 81/81
  ✓ sep-duns-scotus — 87/87
  ✓ sep-dutch-book — 119/119
  ✓ sep-dynamic-choice — 85/85
  ✓ sep-dynamic-epistemic — 182/182
  ✓ sep-dynamic-semantics — 132/132
  ✓ sep-early-modern-india — 221/221
  ✓ sep-ecological-genetics — 94/94
  ✓ sep-ecology — 103/103
  ✓ sep-economic-justice — 184/184
  ✓ sep-economics-early-modern — 204/204
  ✓ sep-economics — 243/243
  ✓ sep-education-philosophy — 97/97
  ✓ sep-edwards — 70/70
  ✓ sep-egalitarianism — 132/132
  ✓ sep-egoism — 102/102
progress: 440/1758  (453s for 40)
  ✓ sep-ehrenfels — 54/54
  ✓ sep-einstein-philscience — 126/126
  ✓ sep-elias — 21/21
  ✓ sep-elisabeth-bohemia — 51/51
  ✓ sep-embodied-cognition — 176/176
  ✓ sep-emerson — 62/62
  ✓ sep-emilie-du-chatelet — 71/71
  ✓ sep-emily-elizabeth-constance-jones — 127/127
  ✓ sep-emotion-Christian-tradition — 99/99
  ✓ sep-emotion — 119/119
  ✓ sep-emotions-17th18th — 61/61
  ✓ sep-emotions-chinese — 170/170
  ✓ sep-empathy — 77/77
  ✓ sep-empedocles — 94/94
  ✓ sep-empiricism-ancient-medieval — 185/185
  ✓ sep-enhancement — 121/121
  ✓ sep-enlightenment — 185/185
  ✓ sep-environmental-aesthetics — 57/57
  ✓ sep-envy — 42/42
  ✓ sep-epictetus — 52/52
  ✓ sep-epicurus — 46/46
  ✓ sep-epiphenomenalism — 122/122
  ✓ sep-episteme-techne — 65/65
  ✓ sep-epistemic-game — 386/386
  ✓ sep-epistemic-paradoxes — 284/284
  ✓ sep-epistemic-self-doubt — 144/144
  ✓ sep-epistemic-utility — 158/158
  ✓ sep-epistemology-bayesian — 311/311
  ✓ sep-epistemology-evolutionary — 54/54
  ✓ sep-epistemology-geometry — 197/197
  ✓ sep-epistemology-india — 151/151
  ✓ sep-epistemology-language-tibetan — 132/132
  ✓ sep-epistemology-latin-america — 101/101
  ✓ sep-epistemology-naturalized — 156/156
  ✓ sep-epistemology-social — 216/216
  ✓ sep-epistemology-virtue — 138/138
  ✓ sep-epistemology-visual-thinking — 178/178
  ✓ sep-epistemology — 215/215
  ✓ sep-epsilon-calculus — 78/78
  ✓ sep-equal-ed-opportunity — 119/119
progress: 480/1758  (418s for 40)
  ✓ sep-equal-opportunity — 115/115
  ✓ sep-equality — 167/167
  ✓ sep-equivME — 152/152
  ✓ sep-erasmus — 138/138
  ✓ sep-erfurt — 34/34
  ✓ sep-ergodic-hierarchy — 181/181
  ✓ sep-ernst-mach — 84/84
  ✓ sep-erotic-art — 76/76
  ✓ sep-essential-accidental — 47/47
  ✓ sep-eternity — 44/44
  ✓ sep-ethics-ai — 82/82
  ✓ sep-ethics-ancient — 43/43
  ✓ sep-ethics-belief — 67/67
  ✓ sep-ethics-business — 81/81
  ✓ sep-ethics-chinese — 62/62
  ✓ sep-ethics-cultural-heritage — 64/64
  ✓ sep-ethics-deontological — 169/169
  ✓ sep-ethics-environmental — 85/85
  ✓ sep-ethics-indian-buddhism — 73/73
  ✓ sep-ethics-internet-research — 39/39
  ✓ sep-ethics-it-phenomenology — 71/71
  ✓ sep-ethics-manipulation — 54/54
  ✓ sep-ethics-pregnancy — 44/44
  ✓ sep-ethics-search — 93/93
  ✓ sep-ethics-social-networking — 28/28
  ✓ sep-ethics-virtue — 128/128
  ✓ sep-eugenics — 75/75
  ✓ sep-euthanasia-voluntary — 65/65
  ✓ sep-events — 44/44
  ✓ sep-evidence-legal — 53/53
  ✓ sep-evidence — 31/31
  ✓ sep-evil-kinds-origins — 24/24
  ✓ sep-evil — 85/85
  ✓ sep-evolution-before-darwin — 41/41
  ✓ sep-evolution-cultural — 63/63
  ✓ sep-evolution-development — 84/84
  ✓ sep-evolution — 32/32
  ✓ sep-evolutionary-psychology — 61/61
  ✓ sep-existence — 66/66
  ✓ sep-existentialism — 50/50
progress: 520/1758  (240s for 40)
  ✓ sep-experimental-moral — 77/77
  ✓ sep-experimental-philosophy — 28/28
  ✓ sep-exploitation — 36/36
  ✓ sep-facts — 125/125
  ✓ sep-faith — 43/43
  ✓ sep-falaquera — 36/36
  ✓ sep-fallacies — 71/71
  ✓ sep-fatalism — 19/19
  ✓ sep-fechner — 62/62
  ✓ sep-federalism — 82/82
  ✓ sep-feigl — 71/71
  ✓ sep-femapproach-analy-cont — 70/70
  ✓ sep-femapproach-analytic — 69/69
  ✓ sep-femapproach-continental — 97/97
  ✓ sep-femapproach-prag-cont — 114/114
  ✓ sep-femapproach-pragmatism — 70/70
  ✓ sep-feminism-aesthetics — 81/81
  ✓ sep-feminism-argumentation — 72/72
  ✓ sep-feminism-autonomy — 39/39
  ✓ sep-feminism-class — 85/85
  ✓ sep-feminism-disability — 41/41
  ✓ sep-feminism-environmental — 74/74
  ✓ sep-feminism-epistemology — 62/62
  ✓ sep-feminism-ethics — 99/99
  ✓ sep-feminism-family — 39/39
  ✓ sep-feminism-femhist — 85/85
  ✓ sep-feminism-gender — 43/43
  ✓ sep-feminism-globalization — 40/40
  ✓ sep-feminism-language — 60/60
  ✓ sep-feminism-latin-america — 21/21
  ✓ sep-feminism-law — 38/38
  ✓ sep-feminism-liberal — 22/22
  ✓ sep-feminism-metaphysics — 31/31
  ✓ sep-feminism-moralpsych — 70/70
  ✓ sep-feminism-objectification — 39/39
  ✓ sep-feminism-political — 99/99
  ✓ sep-feminism-psychoanalysis — 42/42
  ✓ sep-feminism-rape — 19/19
  ✓ sep-feminism-self — 65/65
  ✓ sep-feminism-trans — 103/103
progress: 560/1758  (196s for 40)
  ✓ sep-feminist-bioethics — 105/105
  ✓ sep-feminist-body — 69/69
  ✓ sep-feminist-philosophy-biology — 7/7
  ✓ sep-feminist-philosophy — 27/27
  ✓ sep-feminist-power — 23/23
  ✓ sep-feminist-religion — 24/24
  ✓ sep-feminist-science — 81/81
  ✓ sep-feminist-sex-markets — 75/75
  ✓ sep-feminist-social-epistemology — 52/52
  ✓ sep-feyerabend — 59/59
  ✓ sep-ficino — 47/47
  ✓ sep-fiction — 92/92
  ✓ sep-fictional-entities — 149/149
  ✓ sep-fictionalism-mathematics — 140/140
  ✓ sep-fictionalism-modal — 112/112
  ✓ sep-fictionalism — 113/113
  ✓ sep-fideism — 120/120
  ✓ sep-film — 114/114
  ✓ sep-findlay — 149/149
  ✓ sep-fine-tuning — 176/176
  ✓ sep-fitch-paradox — 132/132
  ✓ sep-fitness — 57/57
  ✓ sep-fitting-attitude-theories — 52/52
  ✓ sep-fitzralph — 50/50
  ✓ sep-fleck — 114/114
  ✓ sep-folkpsych-simulation — 214/214
  ✓ sep-folkpsych-theory — 166/166
  ✓ sep-forgiveness — 194/194
  ✓ sep-form-matter — 137/137
  ✓ sep-formal-belief — 192/192
  ✓ sep-formal-epistemology — 286/286
  ✓ sep-formalism-mathematics — 163/163
  ✓ sep-foucault — 125/125
  ✓ sep-frame-problem — 42/42
  ✓ sep-francis-bacon — 176/176
  ✓ sep-francis-marchia — 43/43
  ✓ sep-francisco-sanches — 173/173
  ✓ sep-francois-barre — 169/169
  ✓ sep-frantz-fanon — 65/65
  ✓ sep-frederick-douglass — 156/156
progress: 600/1758  (357s for 40)
  ✓ sep-free-rider — 69/69
  ✓ sep-free-will-foreknowledge — 173/173
  ✓ sep-freedom-ancient — 96/96
  ✓ sep-freedom-association — 127/127
  ✓ sep-freedom-speech — 113/113
  ✓ sep-freewill — 294/294
  ✓ sep-frege-hilbert — 88/88
  ✓ sep-frege-theorem — 281/281
  ✓ sep-frege — 123/123
  ✓ sep-friedrich-hayek — 93/93
  ✓ sep-friedrich-jacobi — 70/70
  ✓ sep-friedrich-lange — 143/143
  ✓ sep-friendship — 72/72
  ✓ sep-fuller-margaret — 50/50
  ✓ sep-functionalism — 133/133
  ✓ sep-fundamentality — 133/133
  ✓ sep-future-contingents — 191/191
  ✓ sep-gadamer-aesthetics — 52/52
  ✓ sep-gadamer — 49/49
  ✓ sep-galen — 175/175
  ✓ sep-galileo — 71/71
  ✓ sep-game-ethics — 180/180
  ✓ sep-game-evolutionary — 176/176
  ✓ sep-game-theory — 205/205
  ✓ sep-games-abstraction — 164/164
  ✓ sep-gametes-donation-sale — 170/170
  ✓ sep-gangesa — 170/170
  ✓ sep-gassendi — 182/182
  ✓ sep-gasset — 113/113
  ✓ sep-gelukpa — 31/31
  ✓ sep-gene — 182/182
  ✓ sep-generalized-quantifiers — 159/159
  ✓ sep-generics — 152/152
  ✓ sep-genetic-drift — 192/192
  ✓ sep-genetics — 82/82
  ✓ sep-genomics — 116/116
  ✓ sep-genotype-phenotype — 114/114
  ✓ sep-genrel-early — 86/86
  ✓ sep-geometry-19th — 69/69
  ✓ sep-geometry-finitism — 125/125
progress: 640/1758  (425s for 40)
  ✓ sep-gersonides — 57/57
  ✓ sep-giles — 34/34
  ✓ sep-global-democracy — 80/80
  ✓ sep-globalization — 29/29
  ✓ sep-god-necessary-being — 96/96
  ✓ sep-god-ultimates — 209/209
  ✓ sep-godfrey — 51/51
  ✓ sep-godwin — 56/56
  ✓ sep-goedel-incompleteness — 274/274
  ✓ sep-goedel — 310/310
  ✓ sep-gomez-pereira — 67/67
  ✓ sep-goodman-aesthetics — 58/58
  ✓ sep-goodman — 167/167
  ✓ sep-gorampa — 60/60
  ✓ sep-gratitude — 153/153
  ✓ sep-green — 158/158
  ✓ sep-gregory-rimini — 47/47
  ✓ sep-grice — 74/74
  ✓ sep-grosseteste — 148/148
  ✓ sep-grotius — 114/114
  ✓ sep-grounding — 191/191
  ✓ sep-grounds-moral-status — 166/166
  ✓ sep-habermas — 152/152
  ✓ sep-haecceitism — 101/101
  ✓ sep-halevi — 50/50
  ✓ sep-hamann — 60/60
  ✓ sep-han-dynasty — 180/180
  ✓ sep-happiness — 122/122
  ✓ sep-hare — 135/135
  ✓ sep-harriet-mill — 49/49
  ✓ sep-hartley — 121/121
  ✓ sep-hartshorne — 47/47
  ✓ sep-hate-speech — 206/206
  ✓ sep-health-disease — 153/153
  ✓ sep-heaven-hell — 148/148
  ✓ sep-hedonism — 139/139
  ✓ sep-hegel-aesthetics — 180/180
  ✓ sep-hegel-dialectics — 144/144
  ✓ sep-hegel-social-political — 119/119
  ✓ sep-hegel — 254/254
progress: 680/1758  (399s for 40)
  ✓ sep-heidegger-aesthetics — 142/142
  ✓ sep-heidegger — 331/331
  ✓ sep-heinrich-rickert — 87/87
  ✓ sep-hempel — 179/179
  ✓ sep-henricus-regius — 48/48
  ✓ sep-henry-ghent — 87/87
  ✓ sep-henry-more — 161/161
  ✓ sep-heraclitus — 108/108
  ✓ sep-herder — 207/207
  ✓ sep-heredity — 62/62
  ✓ sep-hermann-helmholtz — 200/200
  ✓ sep-hermann-lotze — 172/172
  ✓ sep-hermeneutics — 148/148
  ✓ sep-heytesbury — 147/147
  ✓ sep-higher-order-evidence — 111/111
  ✓ sep-hilbert-program — 138/138
  ✓ sep-hist-westphilmusic-since-1800 — 263/263
  ✓ sep-hist-westphilmusic-to-1800 — 260/260
  ✓ sep-histfem-condorcet — 119/119
  ✓ sep-history — 184/184
  ✓ sep-hobbes-moral — 39/39
  ✓ sep-hobbes-science — 75/75
  ✓ sep-hobbes — 123/123
  ✓ sep-holbach — 38/38
  ✓ sep-holes — 7/7
  ✓ sep-holism-social — 131/131
  ✓ sep-holkot — 43/43
  ✓ sep-homosexuality — 46/46
  ✓ sep-hope — 221/221
  ✓ sep-horkheimer — 80/80
  ✓ sep-human-genome — 108/108
  ✓ sep-human-nature — 205/205
  ✓ sep-humanism-civic — 49/49
  ✓ sep-hume-aesthetics — 104/104
  ✓ sep-hume-freewill — 94/94
  ✓ sep-hume-moral — 146/146
  ✓ sep-hume-newton — 196/196
  ✓ sep-hume-religion — 174/174
  ✓ sep-hume — 291/291
  ✓ sep-humor — 182/182
progress: 720/1758  (443s for 40)
  ✓ sep-husserl — 189/189
  ✓ sep-hutcheson — 115/115
  ✓ sep-hyperintensionality — 130/130
  ✓ sep-iamblichus — 137/137
  ✓ sep-ibn-arabi — 130/130
  ✓ sep-ibn-bajja — 268/268
  ✓ sep-ibn-ezra — 116/116
  ✓ sep-ibn-gabirol — 89/89
  ✓ sep-ibn-kammuna — 51/51
  ✓ sep-ibn-rushd-natural — 188/188
  ✓ sep-ibn-rushd — 270/270
  ✓ sep-ibn-sina-logic — 291/291
  ✓ sep-ibn-sina-metaphysics — 56/56
  ✓ sep-ibn-sina-natural — 113/113
  ✓ sep-ibn-sina — 37/37
  ✓ sep-idealism — 188/188
  ✓ sep-identity-ethics — 183/183
  ✓ sep-identity-indiscernible — 37/37
  ✓ sep-identity-personal — 141/141
  ✓ sep-identity-politics — 68/68
  ✓ sep-identity-relative — 185/185
  ✓ sep-identity-time — 210/210
  ✓ sep-identity-transworld — 165/165
  ✓ sep-identity — 132/132
  ✓ sep-idiolects — 99/99
  ✓ sep-ikhwan-al-safa — 104/104
  ✓ sep-illumination — 79/79
  ✓ sep-imagination — 198/198
  ✓ sep-imaginative-resistance — 142/142
  ✓ sep-immigration — 63/63
  ✓ sep-immunology — 140/140
  ✓ sep-immutability — 52/52
  ✓ sep-impartiality — 208/208
  ✓ sep-implicature-optimality-games — 53/53
  ✓ sep-implicature — 198/198
  ✓ sep-implicit-bias — 149/149
  ✓ sep-impossible-worlds — 235/235
  ✓ sep-imprecise-probabilities — 195/195
  ✓ sep-incommensurability — 54/54
  ✓ sep-incompatibilism-arguments — 291/291
progress: 760/1758  (463s for 40)
  ✓ sep-incompatibilism-theories — 114/114
  ✓ sep-independence-large-cardinals — 78/78
  ✓ sep-indexicals — 234/234
  ✓ sep-induction-problem — 249/249
  ✓ sep-infinite-regress — 109/109
  ✓ sep-infinity — 266/266
  ✓ sep-information-biological — 88/88
  ✓ sep-information-entropy — 183/183
  ✓ sep-information-semantic — 137/137
  ✓ sep-information — 282/282
  ✓ sep-informed-consent — 162/162
  ✓ sep-ingarden — 52/52
  ✓ sep-inheritance-systems — 165/165
  ✓ sep-innate-acquired — 161/161
  ✓ sep-innateness-cognition — 150/150
  ✓ sep-innateness-history — 54/54
  ✓ sep-innateness-language — 137/137
  ✓ sep-insolubles — 125/125
  ✓ sep-integrity — 112/112
  ✓ sep-intellectual-property — 93/93
  ✓ sep-intensional-trans-verbs — 75/75
  ✓ sep-intention — 89/89
  ✓ sep-intentionality-ancient — 58/58
  ✓ sep-intentionality — 213/213
  ✓ sep-international-justice — 117/117
  ✓ sep-international-law — 138/138
  ✓ sep-intrinsic-extrinsic — 139/139
  ✓ sep-introspection — 157/157
  ✓ sep-intuition — 162/162
  ✓ sep-intuitionism-ethics — 107/107
  ✓ sep-intuitionism — 148/148
  ✓ sep-intuitionistic-logic-development — 144/144
  ✓ sep-israeli — 85/85
  ✓ sep-it-moral-values — 128/128
  ✓ sep-it-privacy — 81/81
  ✓ sep-james-mill — 80/80
  ✓ sep-james-viterbo — 84/84
  ✓ sep-james-ward — 87/87
  ✓ sep-james — 77/77
  ✓ sep-japanese-aesthetics — 81/81
progress: 800/1758  (419s for 40)
  ✓ sep-japanese-confucian — 155/155
  ✓ sep-japanese-philosophy — 198/198
  ✓ sep-japanese-pure-land — 95/95
  ✓ sep-japanese-zen — 106/106
  ✓ sep-jaspers — 57/57
  ✓ sep-jayaraasi — 63/63
  ✓ sep-jefferson — 200/200
  ✓ sep-joane-petrizi — 36/36
  ✓ sep-johann-fichte — 83/83
  ✓ sep-johann-herbart — 160/160
  ✓ sep-johann-sturm — 76/76
  ✓ sep-john-norris — 63/63
  ✓ sep-john-salisbury — 109/109
  ✓ sep-jury-theorems — 143/143
  ✓ sep-justep-coherence — 100/100
  ✓ sep-justep-foundational — 107/107
  ✓ sep-justep-intext — 88/88
  ✓ sep-justice-bad-luck — 85/85
  ✓ sep-justice-climate — 130/130
  ✓ sep-justice-distributive — 148/148
  ✓ sep-justice-global — 123/123
  ✓ sep-justice-healthcareaccess — 94/94
  ✓ sep-justice-inequality-health — 160/160
  ✓ sep-justice-intergenerational — 154/154
  ✓ sep-justice-moral-psych — 100/100
  ✓ sep-justice-retributive — 130/130
  ✓ sep-justice-transitional — 149/149
  ✓ sep-justice-virtue — 111/111
  ✓ sep-justice — 101/101
  ✓ sep-justification-public — 173/173
  ✓ sep-justus-lipsius — 68/68
  ✓ sep-kant-aesthetics — 176/176
  ✓ sep-kant-conceptualism — 112/112
  ✓ sep-kant-development — 177/177
  ✓ sep-kant-hume-causality — 218/218
  ✓ sep-kant-hume-morality — 89/89
  ✓ sep-kant-judgment — 105/105
  ✓ sep-kant-leibniz — 86/86
  ✓ sep-kant-mathematics — 46/46
  ✓ sep-kant-metaphysics — 68/68
progress: 840/1758  (373s for 40)
  ✓ sep-kant-mind — 131/131
  ✓ sep-kant-moral — 161/161
  ✓ sep-kant-reason — 98/98
  ✓ sep-kant-religion — 169/169
  ✓ sep-kant-science — 82/82
  ✓ sep-kant-social-political — 79/79
  ✓ sep-kant-spacetime — 80/80
  ✓ sep-kant-transcendental-idealism — 197/197
  ✓ sep-kant-transcendental — 144/144
  ✓ sep-kant — 145/145
  ✓ sep-karl-reinhold — 57/57
  ✓ sep-kaspi-joseph — 34/34
  ✓ sep-kepler — 67/67
  ✓ sep-kierkegaard — 74/74
  ✓ sep-kilvington — 59/59
  ✓ sep-knowledge-acquaindescrip — 94/94
  ✓ sep-knowledge-analysis — 198/198
  ✓ sep-knowledge-how — 184/184
  ✓ sep-knowledge-value — 123/123
  ✓ sep-kochen-specker — 80/80
  ✓ sep-kokugaku-school — 111/111
  ✓ sep-korean-confucianism — 151/151
  ✓ sep-korean-philosophy — 123/123
  ✓ sep-kukai — 141/141
  ✓ sep-kumaarila — 65/65
  ✓ sep-kyoto-school — 137/137
  ✓ sep-la-forge — 64/64
  ✓ sep-lacan — 87/87
  ✓ sep-lady-masham — 25/25
  ✓ sep-lakatos — 162/162
  ✓ sep-lambda-calculus — 105/105
  ✓ sep-language-india — 82/82
  ✓ sep-language-thought — 178/178
  ✓ sep-laozi — 249/249
  ✓ sep-large-cardinals-determinacy — 201/201
  ✓ sep-latin-american-analytic — 153/153
  ✓ sep-latin-american-metaphilosophy — 84/84
  ✓ sep-latin-american-philosophy — 162/162
  ✓ sep-latinx — 120/120
  ✓ sep-law-ideology — 41/41
progress: 880/1758  (380s for 40)
  ✓ sep-law-interpretivist — 67/67
  ✓ sep-law-language — 148/148
  ✓ sep-law-limits — 160/160
  ✓ sep-lawphil-naturalism — 114/114
  ✓ sep-lawphil-nature — 131/131
  ✓ sep-lawphil-theory — 24/24
  ✓ sep-laws-of-nature — 84/84
  ✓ sep-learning-formal — 166/166
  ✓ sep-lefevre-etaples — 148/148
  ✓ sep-legal-econanalysis — 256/256
  ✓ sep-legal-interpretation — 223/223
  ✓ sep-legal-obligation — 173/173
  ✓ sep-legal-positivism — 63/63
  ✓ sep-legal-probabilism — 291/291
  ✓ sep-legal-punishment — 113/113
  ✓ sep-legal-reas-interpret — 46/46
  ✓ sep-legal-reas-prec — 89/89
  ✓ sep-legal-rights — 74/74
  ✓ sep-legitimacy — 192/192
  ✓ sep-legrand — 36/36
  ✓ sep-leibniz-causation — 129/129
  ✓ sep-leibniz-ethics — 61/61
  ✓ sep-leibniz-evil — 57/57
  ✓ sep-leibniz-exoteric — 155/155
  ✓ sep-leibniz-logic-influence — 86/86
  ✓ sep-leibniz-mind — 52/52
  ✓ sep-leibniz-modal — 74/74
  ✓ sep-leibniz-physics — 145/145
  ✓ sep-leibniz — 132/132
  ✓ sep-leibowitz-yeshayahu — 93/93
  ✓ sep-lesniewski — 181/181
  ✓ sep-leucippus — 17/17
  ✓ sep-levels-org-biology — 165/165
  ✓ sep-levinas — 286/286
  ✓ sep-lewis-ci — 129/129
  ✓ sep-lewis-metaphysics — 88/88
  ✓ sep-liar-paradox — 244/244
  ✓ sep-liberalism-latin-america — 73/73
  ✓ sep-liberalism — 169/169
  ✓ sep-liberation — 77/77
progress: 920/1758  (404s for 40)
  ✓ sep-libertarianism — 73/73
  ✓ sep-liberty-positive-negative — 121/121
  ✓ sep-life-meaning — 121/121
  ✓ sep-life — 116/116
  ✓ sep-linguistics — 244/244
  ✓ sep-literal-nonliteral-india — 182/182
  ✓ sep-llull — 178/178
  ✓ sep-location-mereology — 256/256
  ✓ sep-locke-freedom — 108/108
  ✓ sep-locke-moral — 74/74
  ✓ sep-locke-personal-identity — 164/164
  ✓ sep-locke-philosophy-science — 132/132
  ✓ sep-locke-political — 89/89
  ✓ sep-locke — 308/308
  ✓ sep-logic-action — 149/149
  ✓ sep-logic-ai — 316/316
  ✓ sep-logic-algebraic-propositional — 22/22
  ✓ sep-logic-ancient — 119/119
  ✓ sep-logic-belief-revision — 265/265
  ✓ sep-logic-classical — 262/262
  ✓ sep-logic-combinatory — 247/247
  ✓ sep-logic-combining — 189/189
  ✓ sep-logic-conditionals — 324/324
  ✓ sep-logic-connexive — 195/195
  ✓ sep-logic-deontic — 220/220
  ✓ sep-logic-dependence — 127/127
  ✓ sep-logic-dialogical — 234/234
  ✓ sep-logic-dynamic — 110/110
  ✓ sep-logic-epistemic — 162/162
  ✓ sep-logic-firstorder-emergence — 99/99
  ✓ sep-logic-free — 154/154
  ✓ sep-logic-fuzzy — 74/74
  ✓ sep-logic-games — 199/199
  ✓ sep-logic-higher-order — 116/116
  ✓ sep-logic-hybrid — 89/89
  ✓ sep-logic-if — 184/184
  ✓ sep-logic-india — 148/148
  ✓ sep-logic-inductive — 148/148
  ✓ sep-logic-infinitary — 161/161
  ✓ sep-logic-informal — 319/319
progress: 960/1758  (548s for 40)
  ✓ sep-logic-information — 228/228
  ✓ sep-logic-intensional — 157/157
  ✓ sep-logic-intuitionistic — 220/220
  ✓ sep-logic-justification — 220/220
  ✓ sep-logic-linear — 136/136
  ✓ sep-logic-many-sorted — 131/131
  ✓ sep-logic-manyvalued — 114/114
  ✓ sep-logic-massexpress — 153/153
  ✓ sep-logic-modal-origins — 144/144
  ✓ sep-logic-modal — 208/208
  ✓ sep-logic-nonmonotonic — 237/237
  ✓ sep-logic-normative — 136/136
  ✓ sep-logic-ontology — 147/147
  ✓ sep-logic-paraconsistent — 121/121
  ✓ sep-logic-power-games — 166/166
  ✓ sep-logic-probability — 175/175
  ✓ sep-logic-provability — 132/132
  ✓ sep-logic-relevance — 155/155
  ✓ sep-logic-substructural — 52/52
  ✓ sep-logic-temporal — 283/283
  ✓ sep-logical-atomism — 129/129
  ✓ sep-logical-consequence — 107/107
  ✓ sep-logical-constants — 206/206
  ✓ sep-logical-construction — 135/135
  ✓ sep-logical-empiricism — 137/137
  ✓ sep-logical-form — 191/191
  ✓ sep-logical-pluralism — 117/117
  ✓ sep-logical-truth — 123/123
  ✓ sep-logicism — 263/263
  ✓ sep-logics-for-games — 264/264
  ✓ sep-lorenzo-valla — 55/55
  ✓ sep-love — 190/190
  ✓ sep-loyalty — 58/58
  ✓ sep-lucretius — 72/72
  ✓ sep-lucrezia-marinella — 80/80
  ✓ sep-ludwig-feuerbach — 40/40
  ✓ sep-lukacs — 132/132
  ✓ sep-lukasiewicz — 149/149
  ✓ sep-luther-influence — 94/94
  ✓ sep-luther — 164/164
progress: 1000/1758  (487s for 40)
  ✓ sep-luxemburg — 63/63
  ✓ sep-lvov-warsaw — 109/109
  ✓ sep-lying-definition — 201/201
  ✓ sep-lyotard — 62/62
  ✓ sep-machiavelli — 105/105
  ✓ sep-macroevolution — 95/95
  ✓ sep-madeleine-scudery — 127/127
  ✓ sep-madhyamaka — 74/74
  ✓ sep-maimon — 61/61
  ✓ sep-maimonides-islamic — 193/193
  ✓ sep-maimonides — 129/129
  ✓ sep-malebranche-ideas — 138/138
  ✓ sep-malebranche — 77/77
  ✓ sep-mally-deontic — 79/79
  ✓ sep-mally — 149/149
  ✓ sep-marcel — 89/89
  ✓ sep-marcus-aurelius — 68/68
  ✓ sep-marcuse — 165/165
  ✓ sep-margaret-cavendish — 170/170
  ✓ sep-margaret-fell — 89/89
  ✓ sep-maritain — 207/207
  ✓ sep-markets — 125/125
  ✓ sep-marriage — 180/180
  ✓ sep-marsilius-inghen — 58/58
  ✓ sep-marty — 70/70
  ✓ sep-marx — 232/232
  ✓ sep-marxism-analytical — 266/266
  ✓ sep-mary-shepherd — 68/68
  ✓ sep-material-constitution — 83/83
  ✓ sep-materialism-eliminative — 76/76
  ✓ sep-mathematical-style — 74/74
  ✓ sep-mathematics-constructive — 233/233
  ✓ sep-mathematics-explanation — 152/152
  ✓ sep-mathematics-inconsistent — 44/44
  ✓ sep-mathematics-nondeductive — 98/98
  ✓ sep-mathphil-indis — 35/35
  ✓ sep-max-stirner — 51/51
  ✓ sep-mctaggart — 144/144
  ✓ sep-mead — 69/69
  ✓ sep-meaning-holism — 98/98
progress: 1040/1758  (373s for 40)
  ✓ sep-meaning-normativity — 224/224
  ✓ sep-meaning — 321/321
  ✓ sep-measurement-science — 188/188
  ✓ sep-medicine — 191/191
  ✓ sep-medieval-categories — 143/143
  ✓ sep-medieval-emotions — 96/96
  ✓ sep-medieval-futcont — 59/59
  ✓ sep-medieval-haecceity — 55/55
  ✓ sep-medieval-literary — 94/94
  ✓ sep-medieval-philosophy — 220/220
  ✓ sep-medieval-political — 246/246
  ✓ sep-medieval-syllogism — 217/217
  ✓ sep-medieval-terms — 62/62
  ✓ sep-meinong — 187/187
  ✓ sep-meister-eckhart — 33/33
  ✓ sep-memory-episprob — 96/96
  ✓ sep-memory — 249/249
  ✓ sep-mencius — 131/131
  ✓ sep-mendelssohn — 74/74
  ✓ sep-mental-causation — 160/160
  ✓ sep-mental-disorder — 192/192
  ✓ sep-mental-imagery — 96/96
  ✓ sep-mental-representation — 120/120
  ✓ sep-mereology-medieval — 163/163
  ✓ sep-mereology — 121/121
  ✓ sep-merleau-ponty — 138/138
  ✓ sep-mersenne — 149/149
  ✓ sep-metaepistemology — 127/127
  ✓ sep-metaethics — 55/55
  ✓ sep-metaphor — 268/268
  ✓ sep-metaphysical-explanation — 151/151
  ✓ sep-metaphysics-massexpress — 236/236
  ✓ sep-metaphysics — 209/209
  ✓ sep-methodological-individualism — 82/82
  ✓ sep-michel-henry — 78/78
  ✓ sep-microbiology — 126/126
  ✓ sep-mill-moral-political — 184/184
  ✓ sep-mill — 244/244
  ✓ sep-mind-identity — 48/48
  ✓ sep-mind-indian-buddhism — 257/257
progress: 1080/1758  (492s for 40)
  ✓ sep-miracles — 160/160
  ✓ sep-modality-epistemology — 235/235
  ✓ sep-modality-medieval — 98/98
  ✓ sep-modality-varieties — 120/120
  ✓ sep-model-theory — 125/125
  ✓ sep-models-science — 174/174
  ✓ sep-modeltheory-fo — 113/113
  ✓ sep-modesty-humility — 116/116
  ✓ sep-modularity-mind — 104/104
  ✓ sep-mohism — 204/204
  ✓ sep-mohist-canons — 166/166
  ✓ sep-molecular-biology — 174/174
  ✓ sep-molecular-genetics — 168/168
  ✓ sep-molyneux-problem — 38/38
  ✓ sep-money-finance — 194/194
  ✓ sep-monism — 240/240
  ✓ sep-monotheism — 132/132
  ✓ sep-montague-semantics — 109/109
  ✓ sep-montaigne — 53/53
  ✓ sep-montesquieu — 49/49
  ✓ sep-moore-moral — 63/63
  ✓ sep-moore — 63/63
  ✓ sep-moral-animal — 92/92
  ✓ sep-moral-anti-realism — 104/104
  ✓ sep-moral-arguments-god — 94/94
  ✓ sep-moral-character-empirical — 159/159
  ✓ sep-moral-character — 185/185
  ✓ sep-moral-cognitivism — 147/147
  ✓ sep-moral-conventional — 216/216
  ✓ sep-moral-dilemmas — 101/101
  ✓ sep-moral-epistemology-a-priori — 173/173
  ✓ sep-moral-epistemology — 186/186
  ✓ sep-moral-luck — 146/146
  ✓ sep-moral-motivation — 105/105
  ✓ sep-moral-non-naturalism — 60/60
  ✓ sep-moral-particularism-generalism — 153/153
  ✓ sep-moral-particularism — 52/52
  ✓ sep-moral-phenomenology — 164/164
  ✓ sep-moral-psych-emp — 138/138
  ✓ sep-moral-realism — 37/37
progress: 1120/1758  (421s for 40)
  ✓ sep-moral-relativism — 139/139
  ✓ sep-moral-responsibility-epistemic — 136/136
  ✓ sep-moral-responsibility — 223/223
  ✓ sep-moral-sentimentalism — 245/245
  ✓ sep-moral-theory — 122/122
  ✓ sep-morality-biology — 202/202
  ✓ sep-morality-definition — 172/172
  ✓ sep-mulla-sadra — 139/139
  ✓ sep-multiculturalism — 63/63
  ✓ sep-multiple-realizability — 173/173
  ✓ sep-murdoch — 182/182
  ✓ sep-music — 167/167
  ✓ sep-mysticism — 241/241
  ✓ sep-nagarjuna — 79/79
  ✓ sep-names — 195/195
  ✓ sep-nationalism — 127/127
  ✓ sep-natorp — 108/108
  ✓ sep-natphil-ren — 67/67
  ✓ sep-natural-deduction — 140/140
  ✓ sep-natural-kinds — 286/286
  ✓ sep-natural-language-ontology — 207/207
  ✓ sep-natural-law-ethics — 60/60
  ✓ sep-natural-law-theories — 49/49
  ✓ sep-natural-properties — 191/191
  ✓ sep-natural-selection — 53/53
  ✓ sep-natural-theology — 164/164
  ✓ sep-naturalism-india — 80/80
  ✓ sep-naturalism-mathematics — 61/61
  ✓ sep-naturalism-moral — 159/159
  ✓ sep-naturalism — 185/185
  ✓ sep-necessary-sufficient — 41/41
  ✓ sep-needs — 136/136
  ✓ sep-negation — 254/254
  ✓ sep-negritude — 59/59
  ✓ sep-neo-daoism — 217/217
  ✓ sep-neo-kantianism — 131/131
  ✓ sep-neoliberalism — 205/205
  ✓ sep-neoplatonism — 60/60
  ✓ sep-neurath — 190/190
  ✓ sep-neuroethics — 129/129
progress: 1160/1758  (473s for 40)
  ✓ sep-neuroscience — 201/201
  ✓ sep-neutral-monism — 254/254
  ✓ sep-newton-philosophy — 84/84
  ✓ sep-newton-principia — 199/199
  ✓ sep-newton-stm — 105/105
  ✓ sep-newton — 40/40
  ✓ sep-nicolai-hartmann — 119/119
  ✓ sep-nicole-oresme — 62/62
  ✓ sep-nietzsche-life-works — 78/78
  ✓ sep-nietzsche-moral-political — 210/210
  ✓ sep-nietzsche — 164/164
  ✓ sep-nishida-kitaro — 106/106
  ✓ sep-nominalism-mathematics — 175/175
  ✓ sep-nominalism-metaphysics — 127/127
  ✓ sep-nonexistent-objects — 193/193
  ✓ sep-nonidentity-problem — 148/148
  ✓ sep-nonwellfounded-set-theory — 215/215
  ✓ sep-normativity-metaethics — 163/163
  ✓ sep-nothingness — 260/260
  ✓ sep-novalis — 67/67
  ✓ sep-nozick-political — 174/174
  ✓ sep-numenius — 48/48
  ✓ sep-oakeshott — 73/73
  ✓ sep-object — 148/148
  ✓ sep-obligationes — 54/54
  ✓ sep-occasionalism — 140/140
  ✓ sep-ockham — 125/125
  ✓ sep-olivi — 167/167
  ✓ sep-olympiodorus — 33/33
  ✓ sep-omnipotence — 107/107
  ✓ sep-omnipresence — 46/46
  ✓ sep-omniscience — 51/51
  ✓ sep-ontological-arguments — 149/149
  ✓ sep-ontological-commitment — 133/133
  ✓ sep-operationalism — 131/131
  ✓ sep-ordinary-objects — 154/154
  ✓ sep-organ-donation — 134/134
  ✓ sep-organs-sale — 112/112
  ✓ sep-origen — 50/50
  ✓ sep-origin-descent — 137/137
progress: 1200/1758  (415s for 40)
  ✓ sep-original-position — 196/196
  ✓ sep-other-minds — 172/172
  ✓ sep-pacifism — 188/188
  ✓ sep-pain — 174/174
  ✓ sep-paine — 43/43
  ✓ sep-panentheism — 66/66
  ✓ sep-panpsychism — 130/130
  ✓ sep-pantheism — 44/44
  ✓ sep-paradox-simpson — 61/61
  ✓ sep-paradox-skolem — 45/45
  ✓ sep-paradox-stpetersburg — 31/31
  ✓ sep-paradox-suspense — 40/40
  ✓ sep-paradox-zeno — 39/39
  ✓ sep-paradoxes-contemporary-logic — 128/128
  ✓ sep-parenthood — 139/139
  ✓ sep-parmenides — 56/56
  ✓ sep-pascal-wager — 30/30
  ✓ sep-pascal — 87/87
  ✓ sep-paternalism — 26/26
  ✓ sep-patriotism — 21/21
  ✓ sep-patrizi — 39/39
  ✓ sep-paul-venice — 42/42
  ✓ sep-peirce-benjamin — 21/21
  ✓ sep-peirce-logic — 51/51
  ✓ sep-peirce-semiotics — 37/37
  ✓ sep-peirce — 100/100
  ✓ sep-penbygull — 26/26
  ✓ sep-perception-auditory — 36/36
  ✓ sep-perception-contents — 152/152
  ✓ sep-perception-disjunctive — 35/35
  ✓ sep-perception-episprob — 65/65
  ✓ sep-perception-india — 47/47
  ✓ sep-perception-justification — 110/110
  ✓ sep-perception-problem — 60/60
  ✓ sep-perceptual-learning — 37/37
  ✓ sep-perfect-goodness — 74/74
  ✓ sep-perfectionism-moral — 58/58
  ✓ sep-personal-autonomy — 54/54
  ✓ sep-personal-relationship-goods — 47/47
  ✓ sep-personalism — 54/54
progress: 1240/1758  (233s for 40)
  ✓ sep-personhood-india — 90/90
  ✓ sep-persons-means — 57/57
  ✓ sep-peter-damian — 42/42
  ✓ sep-peter-spain — 51/51
  ✓ sep-petitionary-prayer — 38/38
  ✓ sep-phenomenal-intentionality — 82/82
  ✓ sep-phenomenology-mg — 45/45
  ✓ sep-phenomenology-religion — 71/71
  ✓ sep-phenomenology — 60/60
  ✓ sep-phil-multimodallogic — 77/77
  ✓ sep-phil-science-latin-america — 105/105
  ✓ sep-philip-chancellor — 34/34
  ✓ sep-philippa-foot — 130/130
  ✓ sep-philo-larissa — 37/37
  ✓ sep-philo — 3/3
  ✓ sep-philodemus — 61/61
  ✓ sep-philolaus — 91/91
  ✓ sep-philoponus — 30/30
  ✓ sep-philosophy-chile — 83/83
  ✓ sep-philosophy-mathematics — 83/83
  ✓ sep-philosophy-mexico — 27/27
  ✓ sep-philosophy-religion — 17/17
  ✓ sep-phylogenetic-inference — 76/76
  ✓ sep-physicalism — 238/238
  ✓ sep-physics-Rpcc — 34/34
  ✓ sep-physics-experiment — 73/73
  ✓ sep-physics-holism — 64/64
  ✓ sep-physics-interrelate — 56/56
  ✓ sep-physics-structuralism — 54/54
  ✓ sep-pico-della-mirandola — 70/70
  ✓ sep-pineal-gland — 64/64
  ✓ sep-plato-aesthetics — 70/70
  ✓ sep-plato-cratylus — 44/44
  ✓ sep-plato-ethics-politics — 58/58
  ✓ sep-plato-ethics-shorter — 21/21
  ✓ sep-plato-ethics — 70/70
  ✓ sep-plato-friendship — 80/80
  ✓ sep-plato-metaphysics — 49/49
  ✓ sep-plato-myths — 53/53
  ✓ sep-plato-parmenides — 65/65
progress: 1280/1758  (207s for 40)
  ✓ sep-plato-rhetoric — 23/23
  ✓ sep-plato-sophstate — 51/51
  ✓ sep-plato-theaetetus — 62/62
  ✓ sep-plato-timaeus — 51/51
  ✓ sep-plato-utopia — 43/43
  ✓ sep-plato — 47/47
  ✓ sep-platonism-mathematics — 19/19
  ✓ sep-platonism — 58/58
  ✓ sep-pleasure — 37/37
  ✓ sep-plotinus — 54/54
  ✓ sep-plural-quant — 48/48
  ✓ sep-plutarch — 24/24
  ✓ sep-pm-notation — 53/53
  ✓ sep-poincare — 104/104
  ✓ sep-political-obligation — 70/70
  ✓ sep-political-representation — 82/82
  ✓ sep-polqar — 15/15
  ✓ sep-pomponazzi — 58/58
  ✓ sep-popper — 36/36
  ✓ sep-population-genetics — 61/61
  ✓ sep-pornography-censorship — 58/58
  ✓ sep-porphyry — 55/55
  ✓ sep-port-royal-logic — 13/13
  ✓ sep-possibilism-actualism — 61/61
  ✓ sep-possible-objects — 49/49
  ✓ sep-possible-worlds — 187/187
  ✓ sep-postmodernism — 81/81
  ✓ sep-practical-reason-action — 30/30
  ✓ sep-practical-reason-med — 57/57
  ✓ sep-practical-reason — 70/70
  ✓ sep-pragmatic-belief-god — 37/37
  ✓ sep-pragmatics — 34/34
  ✓ sep-pragmatism — 27/27
  ✓ sep-prediction-accommodation — 59/59
  ✓ sep-preferences — 92/92
  ✓ sep-presentism — 34/34
  ✓ sep-presocratics — 16/16
  ✓ sep-presupposition — 51/51
  ✓ sep-prichard — 62/62
  ✓ sep-principia-mathematica — 68/68
progress: 1320/1758  (172s for 40)
  ✓ sep-principle-beneficence — 41/41
  ✓ sep-prior — 110/110
  ✓ sep-prisoner-dilemma — 193/193
  ✓ sep-privacy-medicine — 38/38
  ✓ sep-privacy — 81/81
  ✓ sep-private-language — 35/35
  ✓ sep-probability-interpret — 284/284
  ✓ sep-probability-medieval-renaissance — 52/52
  ✓ sep-problem-of-many — 27/27
  ✓ sep-process-philosophy — 78/78
  ✓ sep-process-theism — 70/70
  ✓ sep-proclus — 136/136
  ✓ sep-progress — 154/154
  ✓ sep-promises — 265/265
  ✓ sep-proof-theoretic-semantics — 138/138
  ✓ sep-proof-theory-development — 115/115
  ✓ sep-proof-theory — 329/329
  ✓ sep-prop-attitude-reports — 227/227
  ✓ sep-properties-emergent — 164/164
  ✓ sep-properties — 253/253
  ✓ sep-property — 69/69
  ✓ sep-prophecy — 39/39
  ✓ sep-propositional-function — 134/134
  ✓ sep-propositions-singular — 64/64
  ✓ sep-propositions-structured — 43/43
  ✓ sep-propositions — 266/266
  ✓ sep-protagoras — 65/65
  ✓ sep-providence-divine — 58/58
  ✓ sep-pseudo-dionysius-areopagite — 58/58
  ✓ sep-pseudo-science — 6/6
  ✓ sep-psychiatry — 80/80
  ✓ sep-psychologism — 32/32
  ✓ sep-psychology-normative-cognition — 55/55
  ✓ sep-public-goods — 18/18
  ✓ sep-public-reason — 33/33
  ✓ sep-publichealth-ethics — 60/60
  ✓ sep-publicity — 58/58
  ✓ sep-pufendorf-moral — 22/22
  ✓ sep-pyrrho — 57/57
  ✓ sep-pythagoras — 50/50
progress: 1360/1758  (329s for 40)
  ✓ sep-pythagoreanism — 120/120
  ✓ sep-qing-philosophy — 14/14
  ✓ sep-qm-action-distance — 132/132
  ✓ sep-qm-bohm — 16/16
  ✓ sep-qm-collapse — 69/69
  ✓ sep-qm-consistent-histories — 27/27
  ✓ sep-qm-copenhagen — 58/58
  ✓ sep-qm-decoherence — 44/44
  ✓ sep-qm-everett — 54/54
  ✓ sep-qm-manyworlds — 25/25
  ✓ sep-qm-modal — 32/32
  ✓ sep-qm-relational — 65/65
  ✓ sep-qm-retrocausality — 17/17
  ✓ sep-qm — 30/30
  ✓ sep-qt-consciousness — 51/51
  ✓ sep-qt-entangle — 52/52
  ✓ sep-qt-epr — 69/69
  ✓ sep-qt-idind — 87/87
  ✓ sep-qt-issues — 66/66
  ✓ sep-qt-nvd — 89/89
  ✓ sep-qt-quantcomp — 55/55
  ✓ sep-qt-quantlog — 60/60
  ✓ sep-qt-uncertainty — 66/66
  ✓ sep-qualia-inverted — 43/43
  ✓ sep-qualia-knowledge — 178/178
  ✓ sep-qualia — 50/50
  ✓ sep-qualities-prim-sec — 54/54
  ✓ sep-quantification — 74/74
  ✓ sep-quantum-bayesian — 31/31
  ✓ sep-quantum-field-theory — 73/73
  ✓ sep-quantum-gravity — 21/21
  ✓ sep-questions — 34/34
  ✓ sep-quine-nf — 67/67
  ✓ sep-quine — 44/44
  ✓ sep-quotation — 66/66
  ✓ sep-race — 46/46
  ✓ sep-radulphus-brito — 63/63
  ✓ sep-ramsey-economics — 39/39
  ✓ sep-ramsey — 128/128
  ✓ sep-ramus — 50/50
progress: 1400/1758  (191s for 40)
  ✓ sep-rationalism-empiricism — 39/39
  ✓ sep-rationality-historicist — 36/36
  ✓ sep-rationality-instrumental — 42/42
  ✓ sep-rationality-normative-nonutility — 84/84
  ✓ sep-rationality-normative-utility — 67/67
  ✓ sep-rawls — 231/231
  ✓ sep-real-essence — 32/32
  ✓ sep-realism-intl-relations — 45/45
  ✓ sep-realism-sem-challenge — 81/81
  ✓ sep-realism-theory-change — 27/27
  ✓ sep-realism — 51/51
  ✓ sep-reasoning-analogy — 159/159
  ✓ sep-reasoning-automated — 112/112
  ✓ sep-reasoning-defeasible — 123/123
  ✓ sep-reasoning-moral — 38/38
  ✓ sep-reasons-agent — 33/33
  ✓ sep-reasons-internal-external — 60/60
  ✓ sep-reasons-just-vs-expl — 48/48
  ✓ sep-recognition — 86/86
  ✓ sep-reconciliation — 21/21
  ✓ sep-recursive-functions — 305/305
  ✓ sep-redistribution — 55/55
  ✓ sep-reduction-biology — 20/20
  ✓ sep-reference — 188/188
  ✓ sep-reflective-equilibrium — 16/16
  ✓ sep-reichenbach — 29/29
  ✓ sep-reid-ethics — 27/27
  ✓ sep-reid-memory-identity — 66/66
  ✓ sep-reid — 319/319
  ✓ sep-reinach — 45/45
  ✓ sep-reism — 33/33
  ✓ sep-relations-medieval — 50/50
  ✓ sep-relations — 43/43
  ✓ sep-relativism — 105/105
  ✓ sep-reliabilism — 202/202
  ✓ sep-religion-epistemology — 57/57
  ✓ sep-religion-morality — 33/33
  ✓ sep-religion-politics — 76/76
  ✓ sep-religion-science — 97/97
  ✓ sep-religious-experience — 62/62
progress: 1440/1758  (262s for 40)
  ✓ sep-religious-language — 41/41
  ✓ sep-religious-pluralism — 58/58
  ✓ sep-replication — 56/56
  ✓ sep-representation-medieval — 30/30
  ✓ sep-republicanism — 16/16
  ✓ sep-repugnant-conclusion — 55/55
  ✓ sep-respect — 43/43
  ✓ sep-revolution — 32/32
  ✓ sep-richard-price — 172/172
  ✓ sep-richard-sophister — 30/30
  ✓ sep-ricoeur — 53/53
  ✓ sep-rights-children — 33/33
  ✓ sep-rights-group — 41/41
  ✓ sep-rights-human — 29/29
  ✓ sep-rights — 217/217
  ✓ sep-rigid-designators — 218/218
  ✓ sep-risk — 46/46
  ✓ sep-robert-kilwardby — 62/62
  ✓ sep-roger-bacon — 72/72
  ✓ sep-rorty — 15/15
  ✓ sep-rosenstock-huessy — 35/35
  ✓ sep-rosenzweig — 61/61
  ✓ sep-rousseau — 85/85
  ✓ sep-royce — 32/32
  ✓ sep-rule-following — 50/50
  ✓ sep-rule-of-law — 74/74
  ✓ sep-russell-moral — 157/157
  ✓ sep-russell-paradox — 38/38
  ✓ sep-russell — 39/39
  ✓ sep-russellian-monism — 61/61
  ✓ sep-ryle — 33/33
  ✓ sep-saadya — 46/46
  ✓ sep-saantarak-sita — 72/72
  ✓ sep-sakya-pandita — 63/63
  ✓ sep-santayana — 33/33
  ✓ sep-sartre — 35/35
  ✓ sep-scheler — 2/2
  ✓ sep-schelling — 61/61
  ✓ sep-schema — 29/29
  ✓ sep-schiller — 58/58
progress: 1480/1758  (193s for 40)
  ✓ sep-schlegel-aw — 34/34
  ✓ sep-schlegel — 60/60
  ✓ sep-schleiermacher — 76/76
  ✓ sep-schlick — 75/75
  ✓ sep-schmitt — 72/72
  ✓ sep-scholem — 48/48
  ✓ sep-scholz — 34/34
  ✓ sep-school-names — 60/60
  ✓ sep-school-salamanca — 31/31
  ✓ sep-schopenhauer-aesthetics — 53/53
  ✓ sep-schopenhauer — 54/54
  ✓ sep-schutz — 56/56
  ✓ sep-science-big-data — 25/25
  ✓ sep-science-mechanisms — 80/80
  ✓ sep-science-theory-observation — 80/80
  ✓ sep-scientific-discovery — 12/12
  ✓ sep-scientific-explanation — 46/46
  ✓ sep-scientific-knowledge-social — 48/48
  ✓ sep-scientific-method — 56/56
  ✓ sep-scientific-objectivity — 243/243
  ✓ sep-scientific-pluralism — 108/108
  ✓ sep-scientific-progress — 72/72
  ✓ sep-scientific-realism — 161/161
  ✓ sep-scientific-reduction — 69/69
  ✓ sep-scientific-representation — 38/38
  ✓ sep-scientific-reproducibility — 62/62
  ✓ sep-scientific-revolutions — 94/94
  ✓ sep-scientific-underdetermination — 75/75
  ✓ sep-scientific-unity — 76/76
  ✓ sep-scottish-18th — 78/78
  ✓ sep-scottish-19th — 95/95
  ✓ sep-scottus-eriugena — 27/27
  ✓ sep-secession — 54/54
  ✓ sep-selection-units — 47/47
  ✓ sep-self-consciousness-phenomenological — 58/58
  ✓ sep-self-consciousness — 51/51
  ✓ sep-self-deception — 64/64
  ✓ sep-self-defense — 64/64
  ✓ sep-self-knowledge-externalism — 34/34
  ✓ sep-self-knowledge — 52/52
progress: 1520/1758  (212s for 40)
  ✓ sep-self-locating-beliefs — 51/51
  ✓ sep-self-obligations — 72/72
  ✓ sep-self-reference — 77/77
  ✓ sep-sellars — 56/56
  ✓ sep-semiotics-medieval — 86/86
  ✓ sep-seneca — 36/36
  ✓ sep-sense-data — 17/17
  ✓ sep-set-theory-constructive — 49/49
  ✓ sep-set-theory — 23/23
  ✓ sep-settheory-alternative — 99/99
  ✓ sep-settheory-early — 77/77
  ✓ sep-sex-sexuality — 87/87
  ✓ sep-sextus-empiricus — 18/18
  ✓ sep-shaftesbury — 55/55
  ✓ sep-shankara — 34/34
  ✓ sep-shantideva — 29/29
  ✓ sep-shared-agency — 69/69
  ✓ sep-sharpe — 46/46
  ✓ sep-sidgwick — 62/62
  ✓ sep-sidney-hook — 34/34
  ✓ sep-simon-faversham — 75/75
  ✓ sep-simone-weil — 17/17
  ✓ sep-simplicity — 48/48
  ✓ sep-simplicius — 28/28
  ✓ sep-simulations-science — 27/27
  ✓ sep-sin-christian — 92/92
  ✓ sep-singular-terms-medieval — 92/92
  ✓ sep-situations-semantics — 45/45
  ✓ sep-skeptical-theism — 41/41
  ✓ sep-skepticism-ancient — 137/137
  ✓ sep-skepticism-content-externalism — 19/19
  ✓ sep-skepticism-latin-america — 178/178
  ✓ sep-skepticism-medieval — 147/147
  ✓ sep-skepticism-moral-responsibility — 41/41
  ✓ sep-skepticism-moral — 1/1
  ✓ sep-skepticism — 35/35
  ✓ sep-smith-moral-political — 70/70
  ✓ sep-social-choice — 118/118
  ✓ sep-social-construction-naturalistic — 58/58
  ✓ sep-social-institutions — 24/24
progress: 1560/1758  (193s for 40)
  ✓ sep-social-minimum — 27/27
  ✓ sep-social-norms — 44/44
  ✓ sep-social-ontology — 124/124
  ✓ sep-social-procedures — 26/26
  ✓ sep-socialism — 16/16
  ✓ sep-sociobiology — 58/58
  ✓ sep-socrates — 72/72
  ✓ sep-song-ming-confucianism — 87/87
  ✓ sep-sophie-de-grouchy — 32/32
  ✓ sep-sophismata — 49/49
  ✓ sep-sophists — 33/33
  ✓ sep-sorites-paradox — 59/59
  ✓ sep-sortals — 62/62
  ✓ sep-sounds — 56/56
  ✓ sep-sovereignty — 88/88
  ✓ sep-spacetime-bebecome — 48/48
  ✓ sep-spacetime-convensimul — 31/31
  ✓ sep-spacetime-holearg — 20/20
  ✓ sep-spacetime-iframes — 35/35
  ✓ sep-spacetime-singularities — 151/151
  ✓ sep-spacetime-supertasks — 27/27
  ✓ sep-spacetime-theories-classical — 27/27
  ✓ sep-spacetime-theories — 6/6
  ✓ sep-special-obligations — 67/67
  ✓ sep-species — 20/20
  ✓ sep-speech-acts — 95/95
  ✓ sep-spencer — 98/98
  ✓ sep-speusippus — 29/29
  ✓ sep-spinoza-attributes — 57/57
  ✓ sep-spinoza-epistemology-mind — 58/58
  ✓ sep-spinoza-modal — 25/25
  ✓ sep-spinoza-physics — 36/36
  ✓ sep-spinoza-political — 29/29
  ✓ sep-spinoza-psychological — 32/32
  ✓ sep-spinoza — 39/39
  ✓ sep-sport — 65/65
  ✓ sep-square — 21/21
  ✓ sep-sriharsa — 24/24
  ✓ sep-states-of-affairs — 205/205
  ✓ sep-statistics — 63/63
progress: 1600/1758  (174s for 40)
  ✓ sep-statphys-Boltzmann — 42/42
  ✓ sep-statphys-statmech — 66/66
  ✓ sep-stebbing — 62/62
  ✓ sep-stein — 52/52
  ✓ sep-stem-cells — 59/59
  ✓ sep-stevenson — 10/10
  ✓ sep-stoicism — 35/35
  ✓ sep-strauss-leo — 78/78
  ✓ sep-strawson — 84/84
  ✓ sep-structural-realism — 48/48
  ✓ sep-structuralism-mathematics — 31/31
  ✓ sep-structure-scientific-theories — 51/51
  ✓ sep-stumpf — 84/84
  ✓ sep-suarez — 52/52
  ✓ sep-substance — 47/47
  ✓ sep-sufficient-reason — 41/41
  ✓ sep-suhrawardi — 26/26
  ✓ sep-suicide — 43/43
  ✓ sep-supererogation — 55/55
  ✓ sep-supervenience-ethics — 74/74
  ✓ sep-supervenience — 47/47
  ✓ sep-susman-margarete — 40/40
  ✓ sep-sylvan-routley — 22/22
  ✓ sep-symmetry-breaking — 76/76
  ✓ sep-syrianus — 44/44
  ✓ sep-systems-synthetic-biology — 56/56
  ✓ sep-tarski-truth — 55/55
  ✓ sep-tarski — 54/54
  ✓ sep-taurellus — 24/24
  ✓ sep-technology — 83/83
  ✓ sep-teleological-arguments — 63/63
  ✓ sep-teleology-biology — 58/58
  ✓ sep-telesio — 42/42
  ✓ sep-temporal-parts — 56/56
  ✓ sep-tense-aspect — 75/75
  ✓ sep-territorial-rights — 50/50
  ✓ sep-terrorism — 39/39
  ✓ sep-testimony-episprob — 43/43
  ✓ sep-theater — 28/28
  ✓ sep-theology-aristotle — 44/44
progress: 1640/1758  (165s for 40)
  ✓ sep-theophrastus — 51/51
  ✓ sep-theoretical-terms-science — 110/110
  ✓ sep-theories-biological-development — 85/85
  ✓ sep-theory-bioethics — 151/151
  ✓ sep-thick-ethical-concepts — 97/97
  ✓ sep-thomas-kuhn — 40/40
  ✓ sep-thomas-more — 58/58
  ✓ sep-thoreau — 40/40
  ✓ sep-thought-experiment — 56/56
  ✓ sep-tibbon — 42/42
  ✓ sep-time-experience — 51/51
  ✓ sep-time-machine — 51/51
  ✓ sep-time-thermo — 50/50
  ✓ sep-time-travel-phys — 55/55
  ✓ sep-time-travel — 51/51
  ✓ sep-time — 74/74
  ✓ sep-timon-phlius — 32/32
  ✓ sep-toleration — 70/70
  ✓ sep-tort-theories — 57/57
  ✓ sep-torture — 90/90
  ✓ sep-touch — 56/56
  ✓ sep-transcendental-arguments — 60/60
  ✓ sep-transcendentalism — 61/61
  ✓ sep-transcendentals-medieval — 65/65
  ✓ sep-transmission-justification-warrant — 48/48
  ✓ sep-trinity — 192/192
  ✓ sep-tropes — 81/81
  ✓ sep-trust — 75/75
  ✓ sep-truth-axiomatic — 26/26
  ✓ sep-truth-coherence — 39/39
  ✓ sep-truth-correspondence — 109/109
  ✓ sep-truth-deflationary — 60/60
  ✓ sep-truth-identity — 38/38
  ✓ sep-truth-pluralist — 65/65
  ✓ sep-truth-pragmatic — 31/31
  ✓ sep-truth-revision — 79/79
  ✓ sep-truth-values — 26/26
  ✓ sep-truth — 78/78
  ✓ sep-truthlikeness — 94/94
  ✓ sep-truthmakers — 117/117
progress: 1680/1758  (222s for 40)
  ✓ sep-tsongkhapa — 49/49
  ✓ sep-turing-machine — 101/101
  ✓ sep-turing-test — 68/68
  ✓ sep-turing — 45/45
  ✓ sep-twardowski — 44/44
  ✓ sep-two-dimensional-semantics — 61/61
  ✓ sep-twotruths-india — 70/70
  ✓ sep-twotruths-tibet — 72/72
  ✓ sep-type-theory-church — 95/95
  ✓ sep-type-theory-intuitionistic — 109/109
  ✓ sep-type-theory — 68/68
  ✓ sep-typelogical-grammar — 58/58
  ✓ sep-types-tokens — 76/76
  ✓ sep-umar-khayyam — 37/37
  ✓ sep-understanding — 37/37
  ✓ sep-universals-medieval — 85/85
  ✓ sep-utilitarianism-history — 77/77
  ✓ sep-vagueness — 44/44
  ✓ sep-vaihinger — 79/79
  ✓ sep-value-incommensurable — 102/102
  ✓ sep-value-intrinsic-extrinsic — 81/81
  ✓ sep-value-pluralism — 62/62
  ✓ sep-value-theory — 59/59
  ✓ sep-vasubandhu — 70/70
  ✓ sep-vegetarianism — 84/84
  ✓ sep-vico — 26/26
  ✓ sep-vienna-circle — 110/110
  ✓ sep-vives — 38/38
  ✓ sep-voltaire — 70/70
  ✓ sep-voluntarism-theological — 54/54
  ✓ sep-voting-methods — 97/97
  ✓ sep-voting — 95/95
  ✓ sep-walter-chatton — 37/37
  ✓ sep-wang-yangming — 65/65
  ✓ sep-war — 44/44
  ✓ sep-watsuji-tetsuro — 59/59
  ✓ sep-weakness-will — 56/56
  ✓ sep-weber — 40/40
  ✓ sep-well-being — 46/46
  ✓ sep-wesley-salmon — 77/77
progress: 1720/1758  (216s for 40)
  ✓ sep-weyl — 267/267
  ✓ sep-whewell — 32/32
  ✓ sep-whitehead — 109/109
  ✓ sep-wilhelm-humboldt — 97/97
  ✓ sep-wilhelm-windelband — 51/51
  ✓ sep-wilhelm-wundt — 43/43
  ✓ sep-william-auvergne — 58/58
  ✓ sep-william-champeaux — 45/45
  ✓ sep-william-david-ross — 62/62
  ✓ sep-william-jevons — 44/44
  ✓ sep-william-sherwood — 36/36
  ✓ sep-williams-bernard — 29/29
  ✓ sep-williams-dc — 45/45
  ✓ sep-wilson — 72/72
  ✓ sep-wisdom — 41/41
  ✓ sep-wittgenstein-aesthetics — 33/33
  ✓ sep-wittgenstein-atomism — 59/59
  ✓ sep-wittgenstein-mathematics — 83/83
  ✓ sep-wittgenstein — 78/78
  ✓ sep-wodeham — 50/50
  ✓ sep-wolff-christian — 73/73
  ✓ sep-wollstonecraft — 61/61
  ✓ sep-word-meaning — 73/73
  ✓ sep-work-labor — 90/90
  ✓ sep-world-government — 83/83
  ✓ sep-wright — 63/63
  ✓ sep-wyclif-political — 44/44
  ✓ sep-wyclif — 56/56
  ✓ sep-xenocrates — 53/53
  ✓ sep-xenophanes — 58/58
  ✓ sep-xunzi — 119/119
  ✓ sep-yorck — 56/56
  ✓ sep-zabarella — 34/34
  ✓ sep-zeno-elea — 61/61
  ✓ sep-zermelo-set-theory — 68/68
  ✓ sep-zhu-xi — 61/61
  ✓ sep-zhuangzi — 71/71
  ✓ sep-zombies — 51/51
progress: 1758/1758  (204s for 38)

state           corpora   atoms embedded
----------------------------------------
built              1758           185985
no-seedable           0                0
failed                0                0

v2 store: had 680, built 1078, failed 0
wall: 17089s over 1758 corpus(es)
  leg 2 exit 0
