=== sovereign bench atlas ===
  daemon:   http://localhost:9741
  corpus:   sep-al-farabi
  tasks:    phase1_short, phase1_medium, phase1_long, cluster_name_synth

  warmup:   loading slot with a 5-token request…

  task                     ok     prompt        out       secs      tok/s    atoms
  --------------------------------------------------------------------------------
  phase1_short              ✗       3721        979       33.2      29.46        —
                       error: Serialization error: phase 1 (atlas) response contained no recognisable JSON object
                       response[head]: {   "section_id": "sec_0003",   "questions_raised": [     {       "content": "What is the status of Arabic translations …
  phase1_medium             ✓       4368       1245       41.6      29.90       16
  phase1_long               ✓       4808        102        8.5      11.98        2
  cluster_name_synth        ✗        167         52        1.8      29.48        —
                       error: not valid JSON: EOF while parsing a value at line 4 column 0
                       response[head]: {   "label": "Classical Aristotelian Logic",   "rationale": "These entities represent the core figures, works, and conce…

  --- summary (Nemotron-Cascade-2-30B-A3B.Q6_K) ---
  decode tok/s avg ...............    20.94
  phase1 decode tok/s avg ........    20.94
  phase1 success rate ............     66.7%
  phase1 secs/chapter avg ........     25.1
  est. 1800 articles × 5 ch ......     62.7 h  (2.6 days)

  wrote results → bench/atlas_throughput/run-nemotron-cascade-2-30b-a3b.json
