OK   2 268435456
OK   2 0
OK   2 1073741824
OK   2 536870912
OK   2 2147450880
OK   2 536838144
OK   2 805306368
OK   2 1879015424
OK   2 1610612736
OK   2 1610579968
OK   2 1879048192
OK   2 268402688
OK   2 805273600
OK   2 1342144512
OK   2 1073709056
OK   2 1342177280
OK   2 2147483648
OK   2 2415919104
OK   2 3221225472
OK   2 3221192704
OK   2 2415886336
OK   2 4026499072
OK   2 2684321792
OK   2 2952790016
OK   2 2684354560
OK   2 3758063616
OK   2 2952757248
OK   2 3489660928
OK   2 3758096384
OK   2 3489628160
OK   2 4294934528
OK   2 4026531840
OK   2 4831838208
OK   2 4563402752
OK   2 5368676352
OK   2 4831805440
OK   2 4563369984
OK   2 5100273664
OK   2 5100240896
OK   2 6173982720
OK   2 5905547264
OK   2 6442418176
OK   2 6174015488
OK   2 4294967296
OK   2 5905580032
OK   2 5368709120
OK   2 5637144576
OK   2 5637111808
OK   2 6442450944
OK   2 6979289088
OK   2 6710886400
OK   2 7247724544
OK   2 7247757312
OK   2 7784628224
OK   2 7516160000
OK   2 7784595456
OK   2 6979321856
OK   2 8053063680
OK   2 7516192768
OK   2 8589901824
OK   2 8321499136
OK   2 8321466368
OK   2 8589934592
OK   2 6710853632
OK   2 8053030912
OK   2 8858337280
OK   2 9395240960
OK   2 9126772736
OK   2 9126805504
OK   2 9395208192
OK   2 9932079104
OK   2 9663676416
OK   2 9663643648
OK   2 9932111872
OK   2 10200547328
OK   2 10200514560
OK   2 10468950016
OK   2 8858370048
OK   2 10468982784
OK   2 10737418240
OK   2 11005820928
OK   2 10737385472
OK   2 11274256384
OK   2 11542691840
OK   2 11274289152
OK   2 11811127296
OK   2 11811160064
OK   2 12079562752
OK   2 11542724608
OK   2 12347998208
OK   2 12348030976
OK   2 12079595520
OK   2 12616433664
OK   2 11005853696
OK   2 12884869120
OK   2 12884901888
OK   2 13153337344
OK   2 12616466432
OK   2 13153304576
OK   2 13690175488
OK   2 13421740032
OK   2 13690208256
OK   2 13421772800
OK   2 13958610944
OK   2 13958643712
OK   2 14495514624
OK   2 14227079168
OK   2 14227046400
OK   2 14495481856
OK   2 14763917312
OK   2 14763950080
OK   2 15300788224
OK   2 15032352768
OK   2 15300820992
OK   2 15569223680
OK   2 15032385536
OK   2 15837659136
OK   2 15569256448
OK   2 15837691904
OK   2 16106127360
OK   2 16106094592
OK   2 16374530048
OK   2 16642965504
OK   2 16374562816
OK   2 16642998272
OK   2 16911400960
OK   2 17179836416
OK   2 17716707328
OK   2 17448304640
OK   2 16911433728
OK   2 18253578240
OK   2 17985142784
OK   2 17448271872
OK   2 17985175552
OK   2 17179869184
OK   2 17716740096
OK   2 18253611008
OK   2 18522013696
OK   2 18790481920
OK   2 18790449152
OK   2 18522046464
OK   2 19058884608
OK   2 19058917376
OK   2 19327320064
OK   2 19595788288
OK   2 19595755520
OK   2 19327352832
OK   2 19864190976
OK   2 19864223744
OK   2 20132626432
OK   2 20401094656
OK   2 20669497344
OK   2 20937965568
OK   2 20132659200
OK   2 20401061888
OK   2 20669530112
OK   2 20937932800
OK   2 21206368256
OK   2 21743271936
OK   2 21206401024
OK   2 21474803712
OK   2 21474836480
OK   2 22011674624
OK   2 21743239168
OK   2 22280142848
OK   2 22548578304
OK   2 22548545536
OK   2 22280110080
OK   2 23353851904
OK   2 22011707392
OK   2 23085416448
OK   2 22816980992
OK   2 22817013760
OK   2 23085449216
OK   2 23890722816
OK   2 23622287360
OK   2 23622320128
OK   2 23890755584
OK   2 24159158272
OK   2 24696029184
OK   2 24427626496
OK   2 24159191040
OK   2 24427593728
OK   2 24696061952
OK   2 23353884672
OK   2 25501335552
OK   2 25232900096
OK   2 25232932864
OK   2 24964497408
OK   2 24964464640
OK   2 25769771008
OK   2 25769803776
OK   2 25501368320
OK   2 26038206464
OK   2 26038239232
OK   2 26575077376
OK   2 26306641920
OK   2 26843545600
OK   2 26306674688
OK   2 26575110144
OK   2 26843512832
OK   2 27380383744
OK   2 27111981056
OK   2 27380416512
OK   2 27648819200
OK   2 27111948288
OK   2 27648851968
OK   2 27917254656
OK   2 27917287424
OK   2 28185690112
OK   2 28185722880
OK   2 28454125568
OK   2 28454158336
OK   2 28722561024
OK   2 29527900160
OK   2 28991029248
OK   2 29259431936
OK   2 28722593792
OK   2 29527867392
OK   2 29796302848
OK   2 28990996480
OK   2 29259464704
OK   2 30064771072
OK   2 30064738304
OK   2 29796335616
OK   2 30333173760
OK   2 30333206528
OK   2 30601641984
OK   2 30601609216
OK   2 30870044672
OK   2 30870077440
OK   2 31138480128
OK   2 31406915584
OK   2 31406948352
OK   2 31675383808
OK   2 31943786496
OK   2 31675351040
OK   2 31943819264
OK   2 31138512896
OK   2 32212221952
OK   2 32212254720
OK   2 32480690176
OK   2 32480657408
OK   2 32749125632
OK   2 32749092864
OK   2 33017528320
OK   2 33017561088
OK   2 33285963776
OK   2 33822867456
OK   2 33554432000
OK   2 33554399232
OK   2 33285996544
OK   2 33822834688
OK   2 34091270144
OK   2 34359738368
OK   2 34359705600
OK   2 34091302912
OK   2 34896576512
OK   2 34628141056
OK   2 34896609280
OK   2 34628173824
OK   2 35165011968
OK   2 35433447424
OK   2 35701882880
OK   2 35433480192
OK   2 35165044736
OK   2 35970318336
OK   2 35970351104
OK   2 35701915648
OK   2 36238753792
OK   2 36238786560
OK   2 36507189248
OK   2 36507222016
OK   2 37044092928
OK   2 37312495616
OK   2 37044060160
OK   2 36775624704
OK   2 36775657472
OK   2 37580963840
OK   2 37580931072
OK   2 37849366528
OK   2 37849399296
OK   2 37312528384
OK   2 38117801984
OK   2 38117834752
OK   2 38386237440
OK   2 38654672896
OK   2 38386270208
OK   2 38654705664
OK   2 38923141120
OK   2 39191543808
OK   2 39191576576
OK   2 39459979264
OK   2 39460012032
OK   2 38923108352
OK   2 39728447488
OK   2 39728414720
OK   2 39996850176
OK   2 40265318400
OK   2 40265285632
OK   2 39996882944
OK   2 40533753856
OK   2 40802156544
OK   2 40802189312
OK   2 40533721088
OK   2 41070592000
OK   2 41339027456
OK   2 41339060224
OK   2 41070624768
OK   2 41607462912
OK   2 41607495680
OK   2 41875931136
OK   2 41875898368
OK   2 42144333824
OK   2 42144366592
OK   2 42412769280
OK   2 42412802048
OK   2 42681204736
OK   2 42681237504
OK   2 42949640192
OK   2 42949672960
OK   2 43218075648
OK   2 43486511104
OK   2 43754946560
OK   2 43218108416
OK   2 43486543872
OK   2 43754979328
OK   2 44023382016
OK   2 44023414784
OK   2 44291817472
OK   2 44291850240
OK   2 44560252928
OK   2 44560285696
OK   2 44828721152
OK   2 44828688384
OK   2 45365559296
OK   2 45097156608
OK   2 45365592064
OK   2 45097123840
OK   2 45633994752
OK   2 45634027520
OK   2 45902462976
OK   2 46170865664
OK   2 46170898432
OK   2 45902430208
OK   2 46439301120
OK   2 46439333888
OK   2 46707769344
OK   2 46707736576
OK   2 46976172032
OK   2 46976204800
OK   2 47244607488
OK   2 47244640256
OK   2 47513042944
OK   2 47513075712
OK   2 47781478400
OK   2 47781511168
OK   2 48049913856
OK   2 48049946624
OK   2 48318349312
OK   2 48318382080
OK   2 48586784768
OK   2 48586817536
OK   2 49123688448
DIFF 2 49123655680
OK   2 48855252992
OK   2 48855220224
OK   2 49392123904
OK   2 49859550368
OK   2 49660559360
OK   2 49392091136
OK   3 0
OK   3 268435456
OK   3 268402688
OK   3 536838144
OK   3 536870912
OK   3 805273600
OK   3 805306368
OK   3 1073709056
OK   3 1073741824
OK   3 1342144512
OK   3 1342177280
OK   3 1879048192
OK   2 49660526592
OK   3 1610612736
OK   3 1879015424
OK   3 1610579968
OK   3 2147483648
OK   3 2147450880
OK   3 2415919104
OK   3 2415886336
OK   3 2684354560
OK   3 2684321792
OK   3 2952757248
OK   3 3221192704
OK   3 2952790016
OK   3 3221225472
OK   3 3489628160
OK   3 3489660928
OK   3 3758096384
OK   3 3758063616
OK   3 4026531840
OK   3 4026499072
OK   3 4294967296
OK   3 4831805440
OK   3 4563369984
OK   3 4831838208
OK   3 4294934528
OK   3 4563402752
OK   3 5368676352
OK   3 5100240896
OK   3 5100273664
OK   3 5368709120
OK   3 5637111808
OK   3 5905580032
OK   3 5637144576
OK   3 5905547264
OK   3 6173982720
OK   3 6174015488
OK   3 6442418176
OK   3 6979289088
OK   3 6979321856
OK   3 6442450944
OK   3 6710853632
OK   3 6710886400
OK   3 7516160000
OK   3 7247757312
OK   3 7516192768
OK   3 7247724544
OK   3 7784595456
OK   3 7784628224
OK   3 8321466368
OK   3 8053030912
OK   3 8053063680
OK   3 8321499136
OK   3 8589901824
OK   3 8858337280
OK   3 9126772736
OK   3 8589934592
OK   3 9395240960
OK   3 9126805504
OK   3 9395208192
OK   3 9663643648
OK   3 9663676416
OK   3 9932079104
OK   3 9932111872
OK   3 10200514560
OK   3 10200547328
OK   3 10468950016
OK   3 8858370048
OK   3 10737385472
OK   3 10468982784
OK   3 10737418240
OK   3 11005820928
OK   3 11274256384
OK   3 11274289152
OK   3 11005853696
OK   3 11542691840
OK   3 11542724608
OK   3 11811127296
OK   3 11811160064
OK   3 12079562752
OK   3 12348030976
OK   3 12079595520
OK   3 12347998208
OK   3 12616466432
OK   3 12616433664
OK   3 12884869120
OK   3 13153304576
OK   3 12884901888
OK   3 13421740032
OK   3 13153337344
OK   3 13421772800
OK   3 13690208256
OK   3 13690175488
OK   3 13958610944
OK   3 13958643712
OK   3 14227046400
OK   3 14495514624
OK   3 14495481856
OK   3 14227079168
OK   3 14763917312
OK   3 14763950080
OK   3 15032352768
OK   3 15032385536
OK   3 15300820992
OK   3 15300788224
OK   3 15837659136
OK   3 15837691904
OK   3 15569223680
OK   3 15569256448
OK   3 16106127360
OK   3 16374530048
OK   3 16642965504
OK   3 16374562816
OK   3 16642998272
OK   3 16911400960
OK   3 16911433728
OK   3 17179869184
OK   3 17179836416
OK   3 17448271872
OK   3 17985142784
OK   3 17985175552
OK   3 17448304640
OK   3 17716707328
OK   3 17716740096
OK   3 16106094592
OK   3 18253611008
OK   3 18253578240
OK   3 18522046464
OK   3 18522013696
OK   3 18790449152
OK   3 18790481920
OK   3 19058884608
OK   3 19595755520
OK   3 19058917376
OK   3 19595788288
OK   3 19327352832
OK   3 19327320064
OK   3 20132626432
OK   3 19864223744
OK   3 20401094656
OK   3 20401061888
OK   3 19864190976
OK   3 20132659200
OK   3 20669530112
OK   3 20937932800
OK   3 20669497344
OK   3 21206401024
OK   3 21474803712
OK   3 21743271936
OK   3 21474836480
OK   3 21743239168
OK   3 22011674624
OK   3 21206368256
OK   3 22280110080
OK   3 22548545536
OK   3 22011707392
OK   3 22280142848
OK   3 22548578304
OK   3 20937965568
OK   3 22817013760
OK   3 22816980992
OK   3 23085416448
OK   3 23353884672
OK   3 23622320128
OK   3 23085449216
OK   3 23622287360
OK   3 23353851904
OK   3 23890722816
OK   3 23890755584
OK   3 24159158272
OK   3 24159191040
OK   3 24427593728
OK   3 24696061952
OK   3 24427626496
OK   3 24696029184
OK   3 24964464640
OK   3 24964497408
OK   3 25232900096
OK   3 25501335552
OK   3 25501368320
OK   3 25769803776
OK   3 25769771008
OK   3 25232932864
OK   3 26038239232
OK   3 26306674688
OK   3 26038206464
OK   3 26306641920
OK   3 26575110144
OK   3 26575077376
OK   3 27111981056
OK   3 27111948288
OK   3 26843545600
OK   3 26843512832
OK   3 27380383744
OK   3 27380416512
OK   3 27648819200
OK   3 27917287424
OK   3 27648851968
OK   3 28454125568
OK   3 27917254656
OK   3 28185690112
OK   3 28185722880
OK   3 28722561024
OK   3 28454158336
OK   3 28722593792
OK   3 28990996480
OK   3 29259431936
OK   3 29259464704
OK   3 28991029248
OK   3 29527900160
OK   3 29796302848
DIFF 3 29527867392
OK   3 30064738304
OK   3 30064771072
OK   3 29796335616
OK   3 30333206528
OK   3 30333173760
OK   3 30601641984
OK   3 30870044672
OK   3 30870077440
OK   3 30601609216
OK   3 31138480128
OK   3 31138512896
OK   3 31406915584
OK   3 31406948352
OK   3 31675383808
OK   3 31675351040
OK   3 32212221952
OK   3 31943786496
OK   3 31943819264
OK   3 32212254720
OK   3 32749092864
OK   3 32480657408
OK   3 33017528320
OK   3 32480690176
OK   3 32749125632
OK   3 33285963776
OK   3 33285996544
OK   3 33554399232
OK   3 33554432000
OK   3 33822867456
OK   3 33822834688
OK   3 33017561088
OK   3 34091270144
OK   3 34091302912
OK   3 34359705600
OK   3 34359738368
OK   3 34628141056
OK   3 34628173824
OK   3 34896609280
OK   3 34896576512
OK   3 35165011968
OK   3 35433447424
OK   3 35165044736
OK   3 35433480192
OK   3 35701882880
OK   3 35701915648
OK   3 35970318336
OK   3 35970351104
OK   3 36507222016
OK   3 36775624704
OK   3 36238786560
OK   3 36238753792
OK   3 37044092928
OK   3 37044060160
OK   3 36775657472
OK   3 36507189248
OK   3 37312495616
OK   3 37580963840
OK   3 37312528384
OK   3 37580931072
OK   3 37849366528
OK   3 38117801984
OK   3 38117834752
OK   3 37849399296
OK   3 38386237440
OK   3 38386270208
OK   3 38654672896
OK   3 38654705664
OK   3 38923108352
OK   3 38923141120
OK   3 39191543808
OK   3 39191576576
OK   3 39459979264
OK   3 39728414720
OK   3 39728447488
OK   3 39460012032
OK   3 39996850176
OK   3 40265318400
OK   3 39996882944
OK   3 40265285632
OK   3 40533721088
OK   3 40802189312
OK   3 41070592000
OK   3 40802156544
OK   3 41070624768
OK   3 40533753856
OK   3 41339027456
OK   3 41339060224
OK   3 41875898368
OK   3 41875931136
OK   3 42144333824
OK   3 42144366592
OK   3 41607495680
OK   3 41607462912
OK   3 42412769280
OK   3 42412802048
OK   3 42681204736
OK   3 42681237504
OK   3 43218108416
OK   3 42949672960
OK   3 42949640192
OK   3 43486511104
OK   3 43486543872
OK   3 44023382016
OK   3 43754946560
OK   3 43754979328
OK   3 43218075648
OK   3 44023414784
OK   3 44560252928
OK   3 44291850240
OK   3 44291817472
OK   3 44560285696
OK   3 44828688384
OK   3 44828721152
OK   3 45097123840
OK   3 45097156608
OK   3 45365559296
OK   3 45365592064
OK   3 45633994752
OK   3 45902430208
OK   3 45634027520
OK   3 45902462976
OK   3 46170865664
OK   3 46170898432
OK   3 46439333888
OK   3 46707736576
OK   3 46439301120
OK   3 46707769344
OK   3 46976172032
OK   3 47244640256
OK   3 46976204800
OK   3 47244607488
OK   3 47513042944
OK   3 47513075712
OK   3 47781478400
OK   3 48049913856
OK   3 47781511168
OK   3 48049946624
OK   3 48318349312
OK   3 48318382080
OK   3 48586817536
OK   3 48586784768
OK   3 48855220224
OK   3 49123655680
OK   3 48855252992
OK   3 49376108736
OK   3 49123688448
PROBE COMPLETE
